Archive member included to satisfy reference by file (symbol)

c:/program files/microchip/xc32/v4.60/bin/bin/../../lib/gcc/pic32c/8.3.1/thumb/v7-a+simd/hard\libgcc.a(_udivsi3.o)
                              build/default/debug/_ext/411819097/ff.o (__aeabi_uidiv)
c:/program files/microchip/xc32/v4.60/bin/bin/../../lib/gcc/pic32c/8.3.1/thumb/v7-a+simd/hard\libgcc.a(_divsi3.o)
                              build/default/debug/_ext/411819097/ff.o (__aeabi_idiv)
c:/program files/microchip/xc32/v4.60/bin/bin/../../lib/gcc/pic32c/8.3.1/thumb/v7-a+simd/hard\libgcc.a(_dvmd_tls.o)
                              c:/program files/microchip/xc32/v4.60/bin/bin/../../lib/gcc/pic32c/8.3.1/thumb/v7-a+simd/hard\libgcc.a(_udivsi3.o) (__aeabi_idiv0)
c:/program files/microchip/xc32/v4.60/bin/bin/../../lib/gcc/pic32c/8.3.1/thumb/v7-a+simd/hard\libgcc.a(_aeabi_uldivmod.o)
                              build/default/debug/_ext/411819097/ff.o (__aeabi_uldivmod)
c:/program files/microchip/xc32/v4.60/bin/bin/../../lib/gcc/pic32c/8.3.1/thumb/v7-a+simd/hard\libgcc.a(_udivmoddi4.o)
                              c:/program files/microchip/xc32/v4.60/bin/bin/../../lib/gcc/pic32c/8.3.1/thumb/v7-a+simd/hard\libgcc.a(_aeabi_uldivmod.o) (__udivmoddi4)
c:/program files/microchip/xc32/v4.60/bin/bin/../../lib/gcc/pic32c/8.3.1/../../../../pic32c/lib/thumb/v7-a+simd/hard\libc-size-musl.a(memcmp.o)
                              build/default/debug/_ext/411819097/ff.o (memcmp)
c:/program files/microchip/xc32/v4.60/bin/bin/../../lib/gcc/pic32c/8.3.1/../../../../pic32c/lib/thumb/v7-a+simd/hard\libc-size-musl.a(memcpy.o)
                              build/default/debug/_ext/1535495969/drv_usb_ohci.o (memcpy)
c:/program files/microchip/xc32/v4.60/bin/bin/../../lib/gcc/pic32c/8.3.1/../../../../pic32c/lib/thumb/v7-a+simd/hard\libc-size-musl.a(memmove.o)
                              build/default/debug/_ext/565198302/diskio.o (memmove)
c:/program files/microchip/xc32/v4.60/bin/bin/../../lib/gcc/pic32c/8.3.1/../../../../pic32c/lib/thumb/v7-a+simd/hard\libc-size-musl.a(memset.o)
                              build/default/debug/_ext/1535495969/drv_usb_ohci.o (memset)
c:/program files/microchip/xc32/v4.60/bin/bin/../../lib/gcc/pic32c/8.3.1/../../../../pic32c/lib/thumb/v7-a+simd/hard\libc-size-musl.a(strlen.o)
                              build/default/debug/_ext/1269487135/sys_fs_media_manager.o (strlen)
c:/program files/microchip/xc32/v4.60/bin/bin/../../lib/gcc/pic32c/8.3.1/../../../../pic32c/lib/thumb/v7-a+simd/hard\libc-size-musl.a(strchr.o)
                              build/default/debug/_ext/411819097/ff.o (strchr)
c:/program files/microchip/xc32/v4.60/bin/bin/../../lib/gcc/pic32c/8.3.1/../../../../pic32c/lib/thumb/v7-a+simd/hard\libc-size-musl.a(strchrnul.o)
                              c:/program files/microchip/xc32/v4.60/bin/bin/../../lib/gcc/pic32c/8.3.1/../../../../pic32c/lib/thumb/v7-a+simd/hard\libc-size-musl.a(strchr.o) (__strchrnul)
c:/program files/microchip/xc32/v4.60/bin/bin/../../lib/gcc/pic32c/8.3.1/../../../../pic32c/lib/thumb/v7-a+simd/hard\libc-size-musl.a(strcmp.o)
                              build/default/debug/_ext/1269487135/sys_fs_media_manager.o (strcmp)
c:/program files/microchip/xc32/v4.60/bin/bin/../../lib/gcc/pic32c/8.3.1/../../../../pic32c/lib/thumb/v7-a+simd/hard\libc-size-musl.a(strcpy.o)
                              build/default/debug/_ext/1269487135/sys_fs.o (strcpy)
c:/program files/microchip/xc32/v4.60/bin/bin/../../lib/gcc/pic32c/8.3.1/../../../../pic32c/lib/thumb/v7-a+simd/hard\libc-size-musl.a(strncmp.o)
                              build/default/debug/_ext/1269487135/sys_fs_media_manager.o (strncmp)
c:/program files/microchip/xc32/v4.60/bin/bin/../../lib/gcc/pic32c/8.3.1/../../../../pic32c/lib/thumb/v7-a+simd/hard\libc-size-musl.a(stpcpy.o)
                              c:/program files/microchip/xc32/v4.60/bin/bin/../../lib/gcc/pic32c/8.3.1/../../../../pic32c/lib/thumb/v7-a+simd/hard\libc-size-musl.a(strcpy.o) (__stpcpy)
c:/program files/microchip/xc32/v4.60/bin/bin/../../lib/gcc/pic32c/8.3.1/../../../../pic32c/lib/thumb/v7-a+simd/hard\liblmalloc-musl.a(lite_free.o)
                              build/default/debug/_ext/308758920/usb_host.o (free)
c:/program files/microchip/xc32/v4.60/bin/bin/../../lib/gcc/pic32c/8.3.1/../../../../pic32c/lib/thumb/v7-a+simd/hard\liblmalloc-musl.a(lite_malloc.o)
                              build/default/debug/_ext/308758920/usb_host.o (malloc)
c:/program files/microchip/xc32/v4.60/bin/bin/../../lib/gcc/pic32c/8.3.1/../../../../pic32c/lib/thumb/v7-a+simd/hard\libg-musl.a(__libc_start_main.o)
                              build/default/debug/_ext/1171490990/cstartup.o (__libc_init_array)
c:/program files/microchip/xc32/v4.60/bin/bin/../../lib/gcc/pic32c/8.3.1/../../../../pic32c/lib/thumb/v7-a+simd/hard\libg-musl.a(__errno_location.o)
[...]
Memory Configuration

Name             Origin             Length             Attributes
sram             0x0000000000200000 0x0000000000020000 !xrw
ram              0x0000000021000000 0x0000000007000000 xrw
ram_nocache      0x0000000020000000 0x0000000001000000 !xrw
rom              0x0000000000000000 0x0000000000000000 xrl
*default*        0x0000000000000000 0xffffffffffffffff

Linker script and memory map

LOAD c:/program files/microchip/xc32/v4.60/bin/bin/../../lib/gcc/pic32c/8.3.1/thumb/v7-a+simd/hard/crti.o
LOAD c:/program files/microchip/xc32/v4.60/bin/bin/../../lib/gcc/pic32c/8.3.1/thumb/v7-a+simd/hard/crtbegin.o
LOAD build/default/debug/_ext/1881668453/sys_int.o
LOAD build/default/debug/_ext/1014039709/sys_cache.o
LOAD build/default/debug/_ext/1434821282/bsp.o
LOAD build/default/debug/_ext/1171490990/cstartup.o
LOAD build/default/debug/_ext/1535495969/drv_usb_ohci.o
LOAD build/default/debug/_ext/1171490990/initialization.o
LOAD build/default/debug/_ext/1171490990/tasks.o
LOAD build/default/debug/_ext/60163497/plib_aic.o
LOAD build/default/debug/_ext/1666157715/plib_matrix.o
LOAD build/default/debug/_ext/829342655/plib_tc0.o
LOAD build/default/debug/_ext/308758920/usb_host.o
LOAD build/default/debug/_ext/1360937237/app.o
LOAD build/default/debug/_ext/1269487135/sys_fs_fat_interface.o
LOAD build/default/debug/_ext/411819097/ff.o
LOAD build/default/debug/_ext/1360937237/main.o
LOAD build/default/debug/_ext/308758920/usb_host_scsi.o
LOAD build/default/debug/_ext/308758920/usb_host_msd.o
LOAD build/default/debug/_ext/1535495969/drv_usb_ehci.o
LOAD build/default/debug/_ext/1171490990/usb_host_init_data.o
LOAD build/default/debug/_ext/1171490990/fault_handlers.o
LOAD build/default/debug/_ext/60177924/plib_pio.o
LOAD build/default/debug/_ext/1269487135/sys_fs_media_manager.o
LOAD build/default/debug/_ext/1171490990/interrupts.o
LOAD build/default/debug/_ext/1269487135/sys_fs.o
LOAD build/default/debug/_ext/163028504/xc32_monitor.o
LOAD build/default/debug/_ext/411819097/ffunicode.o
LOAD build/default/debug/_ext/60165520/plib_clk.o
LOAD build/default/debug/_ext/60175171/plib_mmu.o
LOAD build/default/debug/_ext/101884895/sys_time.o
LOAD build/default/debug/_ext/565198302/diskio.o
LOAD build/default/debug/_ext/1865657120/plib_uart1.o
                0x0000000000000001                __MPLAB_BUILD = 0x1
                0x0000000000001000                C_STACK_SIZE = 0x1000
                0x0000000000000060                IRQ_STACK_SIZE = 0x60
                0x0000000000000060                FIQ_STACK_SIZE = 0x60
                0x0000000000001000                SVC_STACK_SIZE = 0x1000
                0x0000000000000040                ABT_STACK_SIZE = 0x40
                0x0000000000000040                UND_STACK_SIZE = 0x40

.text           0x0000000023f00000    0x2c048
                0x0000000023f00000                . = ALIGN (0x4)
                0x0000000023f00000                _sfixed = .
 *(.textEntry)
 .textEntry     0x0000000023f00000      0x13c build/default/debug/_ext/1171490990/cstartup.o
                0x0000000023f00000                entry
 *(.text .text.* .gnu.linkonce.t.*)
 .text          0x0000000023f0013c       0x40 c:/program files/microchip/xc32/v4.60/bin/bin/../../lib/gcc/pic32c/8.3.1/thumb/v7-a+simd/hard/crtbegin.o
 .text.laicInstanceGet
                0x0000000023f0017c       0x2c build/default/debug/_ext/1881668453/sys_int.o
 .text.SYS_INT_Enable
                0x0000000023f001a8       0x14 build/default/debug/_ext/1881668453/sys_int.o
                0x0000000023f001a8                SYS_INT_Enable
 .text.SYS_INT_Disable
                0x0000000023f001bc       0x18 build/default/debug/_ext/1881668453/sys_int.o
                0x0000000023f001bc                SYS_INT_Disable
 .text.SYS_INT_Restore
                0x0000000023f001d4       0x2c build/default/debug/_ext/1881668453/sys_int.o
                0x0000000023f001d4                SYS_INT_Restore
 .text.SYS_INT_SourceIsEnabled
                0x0000000023f00200       0x80 build/default/debug/_ext/1881668453/sys_int.o
                0x0000000023f00200                SYS_INT_SourceIsEnabled
 .text.SYS_INT_SourceEnable
                0x0000000023f00280       0x64 build/default/debug/_ext/1881668453/sys_int.o
                0x0000000023f00280                SYS_INT_SourceEnable
 .text.SYS_INT_SourceDisable
                0x0000000023f002e4       0x84 build/default/debug/_ext/1881668453/sys_int.o
                0x0000000023f002e4                SYS_INT_SourceDisable
 .text.SYS_INT_SourceRestore
                0x0000000023f00368       0x80 build/default/debug/_ext/1881668453/sys_int.o
                0x0000000023f00368                SYS_INT_SourceRestore
 .text.SYS_INT_SourceStatusClear
                0x0000000023f003e8       0x64 build/default/debug/_ext/1881668453/sys_int.o
                0x0000000023f003e8                SYS_INT_SourceStatusClear
 .text.BSP_Initialize
                0x0000000023f0044c       0x58 build/default/debug/_ext/1434821282/bsp.o
                0x0000000023f0044c                BSP_Initialize
 *fill*         0x0000000023f004a4        0xc 
 .text          0x0000000023f004b0       0xbc build/default/debug/_ext/1171490990/cstartup.o
 .text.F_DRV_USB_OHCI_PeriodicListRemove
                0x0000000023f0056c       0xf4 build/default/debug/_ext/1535495969/drv_usb_ohci.o
                0x0000000023f0056c                F_DRV_USB_OHCI_PeriodicListRemove
 .text.F_DRV_USB_OHCI_GetPollingIndex
                0x0000000023f00660       0x6c build/default/debug/_ext/1535495969/drv_usb_ohci.o
                0x0000000023f00660                F_DRV_USB_OHCI_GetPollingIndex
 .text.F_DRV_USB_OHCI_GetUniqueKey
                0x0000000023f006cc       0x74 build/default/debug/_ext/1535495969/drv_usb_ohci.o
                0x0000000023f006cc                F_DRV_USB_OHCI_GetUniqueKey
 .text.F_DRV_USB_OHCI_PipeCloseTask
                0x0000000023f00740      0x59c build/default/debug/_ext/1535495969/drv_usb_ohci.o
                0x0000000023f00740                F_DRV_USB_OHCI_PipeCloseTask
 .text.F_DRV_USB_OHCI_PortsTask
                0x0000000023f00cdc      0x360 build/default/debug/_ext/1535495969/drv_usb_ohci.o
                0x0000000023f00cdc                F_DRV_USB_OHCI_PortsTask
 .text.F_DRV_USB_OHCI_DataTransferTD
                0x0000000023f0103c      0x124 build/default/debug/_ext/1535495969/drv_usb_ohci.o
                0x0000000023f0103c                F_DRV_USB_OHCI_DataTransferTD
 .text.F_DRV_USB_OHCI_ControlTransferTD
                0x0000000023f01160      0x330 build/default/debug/_ext/1535495969/drv_usb_ohci.o
                0x0000000023f01160                F_DRV_USB_OHCI_ControlTransferTD
 .text.F_DRV_USB_OHCI_DataTransferProcess
                0x0000000023f01490      0x440 build/default/debug/_ext/1535495969/drv_usb_ohci.o
                0x0000000023f01490                F_DRV_USB_OHCI_DataTransferProcess
 .text.F_DRV_USB_OHCI_ControlTransferProcess
                0x0000000023f018d0      0x40c build/default/debug/_ext/1535495969/drv_usb_ohci.o
                0x0000000023f018d0                F_DRV_USB_OHCI_ControlTransferProcess
 .text.DRV_USB_OHCI_Initialize
                0x0000000023f01cdc      0x2c8 build/default/debug/_ext/1535495969/drv_usb_ohci.o
                0x0000000023f01cdc                DRV_USB_OHCI_Initialize
 .text.DRV_USB_OHCI_Open
                0x0000000023f01fa4      0x144 build/default/debug/_ext/1535495969/drv_usb_ohci.o
                0x0000000023f01fa4                DRV_USB_OHCI_Open
 .text.DRV_USB_OHCI_Close
                0x0000000023f020e8       0x90 build/default/debug/_ext/1535495969/drv_usb_ohci.o
                0x0000000023f020e8                DRV_USB_OHCI_Close
 .text.DRV_USB_OHCI_Tasks
                0x0000000023f02178       0x84 build/default/debug/_ext/1535495969/drv_usb_ohci.o
                0x0000000023f02178                DRV_USB_OHCI_Tasks
 .text.DRV_USB_OHCI_IRPSubmit
                0x0000000023f021fc      0x674 build/default/debug/_ext/1535495969/drv_usb_ohci.o
                0x0000000023f021fc                DRV_USB_OHCI_IRPSubmit
 .text.DRV_USB_OHCI_IRPCancel
                0x0000000023f02870      0x360 build/default/debug/_ext/1535495969/drv_usb_ohci.o
                0x0000000023f02870                DRV_USB_OHCI_IRPCancel
 .text.DRV_USB_OHCI_PipeClose
                0x0000000023f02bd0      0x248 build/default/debug/_ext/1535495969/drv_usb_ohci.o
                0x0000000023f02bd0                DRV_USB_OHCI_PipeClose
 .text.DRV_USB_OHCI_PipeSetup
                0x0000000023f02e18      0xe70 build/default/debug/_ext/1535495969/drv_usb_ohci.o
                0x0000000023f02e18                DRV_USB_OHCI_PipeSetup
 .text.DRV_USB_OHCI_EventsDisable
                0x0000000023f03c88       0xa4 build/default/debug/_ext/1535495969/drv_usb_ohci.o
                0x0000000023f03c88                DRV_USB_OHCI_EventsDisable
 .text.DRV_USB_OHCI_EventsEnable
                0x0000000023f03d2c       0xa4 build/default/debug/_ext/1535495969/drv_usb_ohci.o
                0x0000000023f03d2c                DRV_USB_OHCI_EventsEnable
 .text.DRV_USB_OHCI_OperationEnable
                0x0000000023f03dd0      0x42c build/default/debug/_ext/1535495969/drv_usb_ohci.o
                0x0000000023f03dd0                DRV_USB_OHCI_OperationEnable
 .text.DRV_USB_OHCI_OperationIsEnabled
                0x0000000023f041fc      0x19c build/default/debug/_ext/1535495969/drv_usb_ohci.o
                0x0000000023f041fc                DRV_USB_OHCI_OperationIsEnabled
 .text.DRV_USB_OHCI_PortReset
                0x0000000023f04398      0x170 build/default/debug/_ext/1535495969/drv_usb_ohci.o
                0x0000000023f04398                DRV_USB_OHCI_PortReset
 .text.DRV_USB_OHCI_PortSpeedGet
                0x0000000023f04508      0x130 build/default/debug/_ext/1535495969/drv_usb_ohci.o
                0x0000000023f04508                DRV_USB_OHCI_PortSpeedGet
 .text.DRV_USB_OHCI_PortResetIsComplete
                0x0000000023f04638       0xf0 build/default/debug/_ext/1535495969/drv_usb_ohci.o
                0x0000000023f04638                DRV_USB_OHCI_PortResetIsComplete
 .text.DRV_USB_OHCI_PortSuspend
                0x0000000023f04728       0x2c build/default/debug/_ext/1535495969/drv_usb_ohci.o
                0x0000000023f04728                DRV_USB_OHCI_PortSuspend
 .text.DRV_USB_OHCI_PortResume
                0x0000000023f04754       0x2c build/default/debug/_ext/1535495969/drv_usb_ohci.o
                0x0000000023f04754                DRV_USB_OHCI_PortResume
 .text.DRV_USB_OHCI_BusSpeedGet
                0x0000000023f04780       0x80 build/default/debug/_ext/1535495969/drv_usb_ohci.o
                0x0000000023f04780                DRV_USB_OHCI_BusSpeedGet
 .text.DRV_USB_OHCI_MaximumCurrentGet
                0x0000000023f04800       0x9c build/default/debug/_ext/1535495969/drv_usb_ohci.o
                0x0000000023f04800                DRV_USB_OHCI_MaximumCurrentGet
 .text.DRV_USB_OHCI_PortNumbersGet
                0x0000000023f0489c       0xa0 build/default/debug/_ext/1535495969/drv_usb_ohci.o
                0x0000000023f0489c                DRV_USB_OHCI_PortNumbersGet
 .text.DRV_USB_OHCI_RootHubInitialize
                0x0000000023f0493c       0x94 build/default/debug/_ext/1535495969/drv_usb_ohci.o
                0x0000000023f0493c                DRV_USB_OHCI_RootHubInitialize
 .text.DRV_USB_OHCI_EndpointToggleClear
                0x0000000023f049d0       0xe4 build/default/debug/_ext/1535495969/drv_usb_ohci.o
                0x0000000023f049d0                DRV_USB_OHCI_EndpointToggleClear
 .text.DRV_USB_OHCI_IsCompanionControllerReady
                0x0000000023f04ab4       0xa8 build/default/debug/_ext/1535495969/drv_usb_ohci.o
                0x0000000023f04ab4                DRV_USB_OHCI_IsCompanionControllerReady
 .text.DRV_USB_OHCI_Tasks_ISR
                0x0000000023f04b5c      0x4bc build/default/debug/_ext/1535495969/drv_usb_ohci.o
                0x0000000023f04b5c                DRV_USB_OHCI_Tasks_ISR
 .text.DRV_USB_VBUSPowerEnable
                0x0000000023f05018       0x60 build/default/debug/_ext/1171490990/initialization.o
 .text.STDIO_BufferModeSet
                0x0000000023f05078       0x48 build/default/debug/_ext/1171490990/initialization.o
 .text.SYS_Initialize
                0x0000000023f050c0       0xdc build/default/debug/_ext/1171490990/initialization.o
                0x0000000023f050c0                SYS_Initialize
 .text.SYS_Tasks
                0x0000000023f0519c       0x54 build/default/debug/_ext/1171490990/tasks.o
                0x0000000023f0519c                SYS_Tasks
 .text.AIC_INT_Initialize
                0x0000000023f051f0      0x21c build/default/debug/_ext/60163497/plib_aic.o
                0x0000000023f051f0                AIC_INT_Initialize
 .text.AIC_INT_IrqEnable
                0x0000000023f0540c       0x20 build/default/debug/_ext/60163497/plib_aic.o
                0x0000000023f0540c                AIC_INT_IrqEnable
 .text.AIC_INT_IrqDisable
                0x0000000023f0542c       0x50 build/default/debug/_ext/60163497/plib_aic.o
                0x0000000023f0542c                AIC_INT_IrqDisable
 .text.AIC_INT_IrqRestore
                0x0000000023f0547c       0x44 build/default/debug/_ext/60163497/plib_aic.o
                0x0000000023f0547c                AIC_INT_IrqRestore
 .text.Matrix_Initialize
                0x0000000023f054c0       0xac build/default/debug/_ext/1666157715/plib_matrix.o
                0x0000000023f054c0                Matrix_Initialize
 .text.TC0_CH0_TimerInitialize
                0x0000000023f0556c       0x68 build/default/debug/_ext/829342655/plib_tc0.o
                0x0000000023f0556c                TC0_CH0_TimerInitialize
 .text.TC0_CH0_TimerStart
                0x0000000023f055d4       0x28 build/default/debug/_ext/829342655/plib_tc0.o
                0x0000000023f055d4                TC0_CH0_TimerStart
 .text.TC0_CH0_TimerStop
                0x0000000023f055fc       0x28 build/default/debug/_ext/829342655/plib_tc0.o
                0x0000000023f055fc                TC0_CH0_TimerStop
 .text.TC0_CH0_TimerFrequencyGet
                0x0000000023f05624       0x20 build/default/debug/_ext/829342655/plib_tc0.o
                0x0000000023f05624                TC0_CH0_TimerFrequencyGet
 .text.TC0_CH0_TimerPeriodSet
                0x0000000023f05644       0x30 build/default/debug/_ext/829342655/plib_tc0.o
                0x0000000023f05644                TC0_CH0_TimerPeriodSet
 .text.TC0_CH0_TimerCompareSet
                0x0000000023f05674       0x30 build/default/debug/_ext/829342655/plib_tc0.o
                0x0000000023f05674                TC0_CH0_TimerCompareSet
 .text.TC0_CH0_TimerCounterGet
                0x0000000023f056a4       0x24 build/default/debug/_ext/829342655/plib_tc0.o
                0x0000000023f056a4                TC0_CH0_TimerCounterGet
 .text.TC0_CH0_TimerCallbackRegister
                0x0000000023f056c8       0x44 build/default/debug/_ext/829342655/plib_tc0.o
                0x0000000023f056c8                TC0_CH0_TimerCallbackRegister
 .text.TC0_CH0_InterruptHandler
                0x0000000023f0570c       0x74 build/default/debug/_ext/829342655/plib_tc0.o
 .text.TC0_InterruptHandler
                0x0000000023f05780       0x14 build/default/debug/_ext/829342655/plib_tc0.o
                0x0000000023f05780                TC0_InterruptHandler
 .text.F_USB_HOST_TimerCallback
                0x0000000023f05794       0x4c build/default/debug/_ext/308758920/usb_host.o
                0x0000000023f05794                F_USB_HOST_TimerCallback
 .text.F_USB_HOST_FindEndOfDescriptor
                0x0000000023f057e0       0xb4 build/default/debug/_ext/308758920/usb_host.o
                0x0000000023f057e0                F_USB_HOST_FindEndOfDescriptor
 .text.F_USB_HOST_RootHubEventDisable
                0x0000000023f05894       0x84 build/default/debug/_ext/308758920/usb_host.o
                0x0000000023f05894                F_USB_HOST_RootHubEventDisable
 .text.F_USB_HOST_RootHubEventEnable
                0x0000000023f05918       0x7c build/default/debug/_ext/308758920/usb_host.o
                0x0000000023f05918                F_USB_HOST_RootHubEventEnable
 .text.F_USB_HOST_NoInterfacesOwned
                0x0000000023f05994       0xc0 build/default/debug/_ext/308758920/usb_host.o
                0x0000000023f05994                F_USB_HOST_NoInterfacesOwned
 .text.F_USB_HOST_UpdateInterfaceStatus
                0x0000000023f05a54      0x56c build/default/debug/_ext/308758920/usb_host.o
                0x0000000023f05a54                F_USB_HOST_UpdateInterfaceStatus
 .text.F_USB_HOST_ReleaseInterfaceDrivers
                0x0000000023f05fc0       0xb8 build/default/debug/_ext/308758920/usb_host.o
                0x0000000023f05fc0                F_USB_HOST_ReleaseInterfaceDrivers
 .text.F_USB_HOST_ConfigurationDescriptorParse
                0x0000000023f06078      0x264 build/default/debug/_ext/308758920/usb_host.o
                0x0000000023f06078                F_USB_HOST_ConfigurationDescriptorParse
 .text.F_USB_HOST_FindClassSubClassProtocolDriver
                0x0000000023f062dc      0x1b0 build/default/debug/_ext/308758920/usb_host.o
                0x0000000023f062dc                F_USB_HOST_FindClassSubClassProtocolDriver
 .text.F_USB_HOST_UpdateConfigurationState
                0x0000000023f0648c      0x8a4 build/default/debug/_ext/308758920/usb_host.o
                0x0000000023f0648c                F_USB_HOST_UpdateConfigurationState
 .text.F_USB_HOST_UpdateDeviceOwnership
                0x0000000023f06d30      0x428 build/default/debug/_ext/308758920/usb_host.o
                0x0000000023f06d30                F_USB_HOST_UpdateDeviceOwnership
 .text.USB_HOST_DeviceControlTransfer
                0x0000000023f07158      0x284 build/default/debug/_ext/308758920/usb_host.o
                0x0000000023f07158                USB_HOST_DeviceControlTransfer
 .text.F_USB_HOST_DeviceConfigurationDescriptorErrorCheck
                0x0000000023f073dc      0x30c build/default/debug/_ext/308758920/usb_host.o
                0x0000000023f073dc                F_USB_HOST_DeviceConfigurationDescriptorErrorCheck
 .text.F_USB_HOST_GetNewAddress
                0x0000000023f076e8       0xd0 build/default/debug/_ext/308758920/usb_host.o
                0x0000000023f076e8                F_USB_HOST_GetNewAddress
 .text.F_USB_HOST_FillSetupPacket
                0x0000000023f077b8       0x80 build/default/debug/_ext/308758920/usb_host.o
                0x0000000023f077b8                F_USB_HOST_FillSetupPacket
 .text.F_USB_HOST_MakeDeviceReady
                0x0000000023f07838     0x1230 build/default/debug/_ext/308758920/usb_host.o
                0x0000000023f07838                F_USB_HOST_MakeDeviceReady
 .text.F_USB_HOST_UpdateDeviceTask
                0x0000000023f08a68       0xa4 build/default/debug/_ext/308758920/usb_host.o
                0x0000000023f08a68                F_USB_HOST_UpdateDeviceTask
 .text.F_USB_HOST_FreeAddress
                0x0000000023f08b0c       0xd8 build/default/debug/_ext/308758920/usb_host.o
                0x0000000023f08b0c                F_USB_HOST_FreeAddress
 .text.F_USB_HOST_IRPResultToHostResult
                0x0000000023f08be4       0x88 build/default/debug/_ext/308758920/usb_host.o
                0x0000000023f08be4                F_USB_HOST_IRPResultToHostResult
 .text.F_USB_HOST_DataTransferIRPCallback
                0x0000000023f08c6c       0xc0 build/default/debug/_ext/308758920/usb_host.o
                0x0000000023f08c6c                F_USB_HOST_DataTransferIRPCallback
 .text.F_USB_HOST_DeviceControlTransferCallback
                0x0000000023f08d2c      0x310 build/default/debug/_ext/308758920/usb_host.o
                0x0000000023f08d2c                F_USB_HOST_DeviceControlTransferCallback
 .text.USB_HOST_Initialize
                0x0000000023f0903c      0x280 build/default/debug/_ext/308758920/usb_host.o
                0x0000000023f0903c                USB_HOST_Initialize
 .text.USB_HOST_EventHandlerSet
                0x0000000023f092bc       0x48 build/default/debug/_ext/308758920/usb_host.o
                0x0000000023f092bc                USB_HOST_EventHandlerSet
 .text.USB_HOST_BusEnable
                0x0000000023f09304       0xfc build/default/debug/_ext/308758920/usb_host.o
                0x0000000023f09304                USB_HOST_BusEnable
 .text.USB_HOST_BusIsEnabled
                0x0000000023f09400       0xe8 build/default/debug/_ext/308758920/usb_host.o
                0x0000000023f09400                USB_HOST_BusIsEnabled
 .text.USB_HOST_DeviceEnumerate
                0x0000000023f094e8      0x36c build/default/debug/_ext/308758920/usb_host.o
                0x0000000023f094e8                USB_HOST_DeviceEnumerate
 .text.USB_HOST_DeviceDenumerate
                0x0000000023f09854      0x218 build/default/debug/_ext/308758920/usb_host.o
                0x0000000023f09854                USB_HOST_DeviceDenumerate
 .text.USB_HOST_Tasks
                0x0000000023f09a6c      0x388 build/default/debug/_ext/308758920/usb_host.o
                0x0000000023f09a6c                USB_HOST_Tasks
 .text.USB_HOST_DeviceEndpointDescriptorQuery
                0x0000000023f09df4      0x2a8 build/default/debug/_ext/308758920/usb_host.o
                0x0000000023f09df4                USB_HOST_DeviceEndpointDescriptorQuery
 .text.USB_HOST_DeviceInterfaceDescriptorQuery
                0x0000000023f0a09c      0x2e8 build/default/debug/_ext/308758920/usb_host.o
                0x0000000023f0a09c                USB_HOST_DeviceInterfaceDescriptorQuery
 .text.USB_HOST_DeviceEndpointQueryContextClear
                0x0000000023f0a384       0x38 build/default/debug/_ext/308758920/usb_host.o
                0x0000000023f0a384                USB_HOST_DeviceEndpointQueryContextClear
 .text.USB_HOST_DeviceInterfaceQueryContextClear
                0x0000000023f0a3bc       0x38 build/default/debug/_ext/308758920/usb_host.o
                0x0000000023f0a3bc                USB_HOST_DeviceInterfaceQueryContextClear
 .text.USB_HOST_DeviceControlPipeOpen
                0x0000000023f0a3f4       0x90 build/default/debug/_ext/308758920/usb_host.o
                0x0000000023f0a3f4                USB_HOST_DeviceControlPipeOpen
 .text.USB_HOST_DeviceInterfaceRelease
                0x0000000023f0a484       0xfc build/default/debug/_ext/308758920/usb_host.o
                0x0000000023f0a484                USB_HOST_DeviceInterfaceRelease
 .text.USB_HOST_DeviceTransfer
                0x0000000023f0a580      0x310 build/default/debug/_ext/308758920/usb_host.o
                0x0000000023f0a580                USB_HOST_DeviceTransfer
 .text.USB_HOST_DevicePipeOpen
                0x0000000023f0a890      0x324 build/default/debug/_ext/308758920/usb_host.o
                0x0000000023f0a890                USB_HOST_DevicePipeOpen
 .text.USB_HOST_DevicePipeClose
                0x0000000023f0abb4       0xe4 build/default/debug/_ext/308758920/usb_host.o
                0x0000000023f0abb4                USB_HOST_DevicePipeClose
 .text.USB_HOST_DevicePipeHaltClear
                0x0000000023f0ac98      0x2f0 build/default/debug/_ext/308758920/usb_host.o
                0x0000000023f0ac98                USB_HOST_DevicePipeHaltClear
 .text.USB_HOST_DeviceIADQuery
                0x0000000023f0af88       0xec build/default/debug/_ext/308758920/usb_host.o
                0x0000000023f0af88                USB_HOST_DeviceIADQuery
 .text.USB_HOST_DeviceIADQueryContextClear
                0x0000000023f0b074       0x38 build/default/debug/_ext/308758920/usb_host.o
                0x0000000023f0b074                USB_HOST_DeviceIADQueryContextClear
 .text.USB_HOST_DeviceGeneralInterfaceDescriptorQuery
                0x0000000023f0b0ac      0x2c4 build/default/debug/_ext/308758920/usb_host.o
                0x0000000023f0b0ac                USB_HOST_DeviceGeneralInterfaceDescriptorQuery
 .text._readBMP
                0x0000000023f0b370      0x380 build/default/debug/_ext/1360937237/app.o
                0x0000000023f0b370                _readBMP
 .text.APP_Initialize
                0x0000000023f0b6f0       0x38 build/default/debug/_ext/1360937237/app.o
                0x0000000023f0b6f0                APP_Initialize
 .text.APP_USBHostEventHandler
                0x0000000023f0b728       0x3c build/default/debug/_ext/1360937237/app.o
                0x0000000023f0b728                APP_USBHostEventHandler
 .text.APP_SYSFSEventHandler
                0x0000000023f0b764       0x7c build/default/debug/_ext/1360937237/app.o
                0x0000000023f0b764                APP_SYSFSEventHandler
 .text.APP_Tasks
                0x0000000023f0b7e0      0x490 build/default/debug/_ext/1360937237/app.o
                0x0000000023f0b7e0                APP_Tasks
 .text.FATFS_mount
                0x0000000023f0bc70      0x1e4 build/default/debug/_ext/1269487135/sys_fs_fat_interface.o
                0x0000000023f0bc70                FATFS_mount
 .text.FATFS_unmount
                0x0000000023f0be54      0x2a8 build/default/debug/_ext/1269487135/sys_fs_fat_interface.o
                0x0000000023f0be54                FATFS_unmount
 .text.FATFS_open
                0x0000000023f0c0fc      0x1cc build/default/debug/_ext/1269487135/sys_fs_fat_interface.o
                0x0000000023f0c0fc                FATFS_open
 .text.FATFS_read
                0x0000000023f0c2c8       0x64 build/default/debug/_ext/1269487135/sys_fs_fat_interface.o
                0x0000000023f0c2c8                FATFS_read
 .text.FATFS_close
                0x0000000023f0c32c       0x7c build/default/debug/_ext/1269487135/sys_fs_fat_interface.o
                0x0000000023f0c32c                FATFS_close
 .text.FATFS_lseek
                0x0000000023f0c3a8       0x4c build/default/debug/_ext/1269487135/sys_fs_fat_interface.o
                0x0000000023f0c3a8                FATFS_lseek
 .text.FATFS_stat
                0x0000000023f0c3f4       0x80 build/default/debug/_ext/1269487135/sys_fs_fat_interface.o
                0x0000000023f0c3f4                FATFS_stat
 .text.FATFS_getlabel
                0x0000000023f0c474       0x40 build/default/debug/_ext/1269487135/sys_fs_fat_interface.o
                0x0000000023f0c474                FATFS_getlabel
 .text.FATFS_getcwd
                0x0000000023f0c4b4       0x38 build/default/debug/_ext/1269487135/sys_fs_fat_interface.o
                0x0000000023f0c4b4                FATFS_getcwd
 .text.FATFS_gets
                0x0000000023f0c4ec       0x4c build/default/debug/_ext/1269487135/sys_fs_fat_interface.o
                0x0000000023f0c4ec                FATFS_gets
 .text.FATFS_opendir
                0x0000000023f0c538      0x13c build/default/debug/_ext/1269487135/sys_fs_fat_interface.o
                0x0000000023f0c538                FATFS_opendir
 .text.FATFS_readdir
                0x0000000023f0c674       0x94 build/default/debug/_ext/1269487135/sys_fs_fat_interface.o
                0x0000000023f0c674                FATFS_readdir
 .text.FATFS_closedir
                0x0000000023f0c708       0x7c build/default/debug/_ext/1269487135/sys_fs_fat_interface.o
                0x0000000023f0c708                FATFS_closedir
 .text.FATFS_chdir
                0x0000000023f0c784       0x30 build/default/debug/_ext/1269487135/sys_fs_fat_interface.o
                0x0000000023f0c784                FATFS_chdir
 .text.FATFS_chdrive
                0x0000000023f0c7b4       0x58 build/default/debug/_ext/1269487135/sys_fs_fat_interface.o
                0x0000000023f0c7b4                FATFS_chdrive
 .text.FATFS_write
                0x0000000023f0c80c       0x64 build/default/debug/_ext/1269487135/sys_fs_fat_interface.o
                0x0000000023f0c80c                FATFS_write
 .text.FATFS_tell
                0x0000000023f0c870       0x40 build/default/debug/_ext/1269487135/sys_fs_fat_interface.o
                0x0000000023f0c870                FATFS_tell
 .text.FATFS_eof
                0x0000000023f0c8b0       0x58 build/default/debug/_ext/1269487135/sys_fs_fat_interface.o
                0x0000000023f0c8b0                FATFS_eof
 .text.FATFS_size
                0x0000000023f0c908       0x40 build/default/debug/_ext/1269487135/sys_fs_fat_interface.o
                0x0000000023f0c908                FATFS_size
 .text.FATFS_mkdir
                0x0000000023f0c948       0x30 build/default/debug/_ext/1269487135/sys_fs_fat_interface.o
                0x0000000023f0c948                FATFS_mkdir
 .text.FATFS_unlink
                0x0000000023f0c978       0x30 build/default/debug/_ext/1269487135/sys_fs_fat_interface.o
                0x0000000023f0c978                FATFS_unlink
 .text.FATFS_setlabel
                0x0000000023f0c9a8       0x30 build/default/debug/_ext/1269487135/sys_fs_fat_interface.o
                0x0000000023f0c9a8                FATFS_setlabel
 .text.FATFS_truncate
                0x0000000023f0c9d8       0x44 build/default/debug/_ext/1269487135/sys_fs_fat_interface.o
                0x0000000023f0c9d8                FATFS_truncate
 .text.FATFS_chmod
                0x0000000023f0ca1c       0x4c build/default/debug/_ext/1269487135/sys_fs_fat_interface.o
                0x0000000023f0ca1c                FATFS_chmod
 .text.FATFS_utime
                0x0000000023f0ca68       0x40 build/default/debug/_ext/1269487135/sys_fs_fat_interface.o
                0x0000000023f0ca68                FATFS_utime
 .text.FATFS_rename
                0x0000000023f0caa8       0x38 build/default/debug/_ext/1269487135/sys_fs_fat_interface.o
                0x0000000023f0caa8                FATFS_rename
 .text.FATFS_sync
                0x0000000023f0cae0       0x4c build/default/debug/_ext/1269487135/sys_fs_fat_interface.o
                0x0000000023f0cae0                FATFS_sync
 .text.FATFS_putc
                0x0000000023f0cb2c       0x4c build/default/debug/_ext/1269487135/sys_fs_fat_interface.o
                0x0000000023f0cb2c                FATFS_putc
 .text.FATFS_puts
                0x0000000023f0cb78       0x44 build/default/debug/_ext/1269487135/sys_fs_fat_interface.o
                0x0000000023f0cb78                FATFS_puts
 .text.FATFS_printf
                0x0000000023f0cbbc       0x4c build/default/debug/_ext/1269487135/sys_fs_fat_interface.o
                0x0000000023f0cbbc                FATFS_printf
 .text.FATFS_error
                0x0000000023f0cc08       0x4c build/default/debug/_ext/1269487135/sys_fs_fat_interface.o
                0x0000000023f0cc08                FATFS_error
 .text.FATFS_mkfs
                0x0000000023f0cc54       0x80 build/default/debug/_ext/1269487135/sys_fs_fat_interface.o
                0x0000000023f0cc54                FATFS_mkfs
 .text.FATFS_fdisk
                0x0000000023f0ccd4       0x48 build/default/debug/_ext/1269487135/sys_fs_fat_interface.o
                0x0000000023f0ccd4                FATFS_fdisk
 .text.FATFS_getclusters
                0x0000000023f0cd1c       0xc4 build/default/debug/_ext/1269487135/sys_fs_fat_interface.o
                0x0000000023f0cd1c                FATFS_getclusters
 .text.ld_word  0x0000000023f0cde0       0x58 build/default/debug/_ext/411819097/ff.o
 .text.ld_dword
                0x0000000023f0ce38       0x84 build/default/debug/_ext/411819097/ff.o
 .text.ld_qword
                0x0000000023f0cebc      0x1c4 build/default/debug/_ext/411819097/ff.o
 .text.st_word  0x0000000023f0d080       0x64 build/default/debug/_ext/411819097/ff.o
 .text.st_dword
                0x0000000023f0d0e4       0xa8 build/default/debug/_ext/411819097/ff.o
 .text.st_qword
                0x0000000023f0d18c      0x150 build/default/debug/_ext/411819097/ff.o
 .text.dbc_1st  0x0000000023f0d2dc       0x3c build/default/debug/_ext/411819097/ff.o
 .text.dbc_2nd  0x0000000023f0d318       0x3c build/default/debug/_ext/411819097/ff.o
 .text.tchar2uni
                0x0000000023f0d354       0xf8 build/default/debug/_ext/411819097/ff.o
 .text.put_utf  0x0000000023f0d44c       0xd4 build/default/debug/_ext/411819097/ff.o
 .text.chk_share
                0x0000000023f0d520      0x150 build/default/debug/_ext/411819097/ff.o
 .text.enq_share
                0x0000000023f0d670       0x6c build/default/debug/_ext/411819097/ff.o
 .text.inc_share
                0x0000000023f0d6dc      0x214 build/default/debug/_ext/411819097/ff.o
 .text.dec_share
                0x0000000023f0d8f0       0xd4 build/default/debug/_ext/411819097/ff.o
 .text.clear_share
                0x0000000023f0d9c4       0x74 build/default/debug/_ext/411819097/ff.o
 .text.sync_window
                0x0000000023f0da38       0xf0 build/default/debug/_ext/411819097/ff.o
 .text.move_window
                0x0000000023f0db28       0xa4 build/default/debug/_ext/411819097/ff.o
 .text.sync_fs  0x0000000023f0dbcc      0x174 build/default/debug/_ext/411819097/ff.o
 .text.clst2sect
                0x0000000023f0dd40       0x9c build/default/debug/_ext/411819097/ff.o
 .text.get_fat  0x0000000023f0dddc      0x434 build/default/debug/_ext/411819097/ff.o
 .text.put_fat  0x0000000023f0e210      0x378 build/default/debug/_ext/411819097/ff.o
 .text.find_bitmap
                0x0000000023f0e588      0x1c0 build/default/debug/_ext/411819097/ff.o
 .text.change_bitmap
                0x0000000023f0e748      0x19c build/default/debug/_ext/411819097/ff.o
 .text.fill_first_frag
                0x0000000023f0e8e4       0xb4 build/default/debug/_ext/411819097/ff.o
 .text.fill_last_frag
                0x0000000023f0e998       0xbc build/default/debug/_ext/411819097/ff.o
 .text.remove_chain
                0x0000000023f0ea54      0x360 build/default/debug/_ext/411819097/ff.o
 .text.create_chain
                0x0000000023f0edb4      0x4a4 build/default/debug/_ext/411819097/ff.o
 .text.dir_clear
                0x0000000023f0f258      0x104 build/default/debug/_ext/411819097/ff.o
 .text.dir_sdi  0x0000000023f0f35c      0x20c build/default/debug/_ext/411819097/ff.o
 .text.dir_next
                0x0000000023f0f568      0x268 build/default/debug/_ext/411819097/ff.o
 .text.dir_alloc
                0x0000000023f0f7d0      0x158 build/default/debug/_ext/411819097/ff.o
 .text.ld_clust
                0x0000000023f0f928       0x70 build/default/debug/_ext/411819097/ff.o
 .text.st_clust
                0x0000000023f0f998       0x70 build/default/debug/_ext/411819097/ff.o
 .text.cmp_lfn  0x0000000023f0fa08      0x188 build/default/debug/_ext/411819097/ff.o
 .text.pick_lfn
                0x0000000023f0fb90      0x170 build/default/debug/_ext/411819097/ff.o
 .text.put_lfn  0x0000000023f0fd00      0x170 build/default/debug/_ext/411819097/ff.o
 .text.gen_numname
                0x0000000023f0fe70      0x250 build/default/debug/_ext/411819097/ff.o
 .text.sum_sfn  0x0000000023f100c0       0x7c build/default/debug/_ext/411819097/ff.o
 .text.xdir_sum
                0x0000000023f1013c       0xc4 build/default/debug/_ext/411819097/ff.o
 .text.xname_sum
                0x0000000023f10200       0xc8 build/default/debug/_ext/411819097/ff.o
 .text.xsum32   0x0000000023f102c8       0x40 build/default/debug/_ext/411819097/ff.o
 .text.load_xdir
                0x0000000023f10308      0x2cc build/default/debug/_ext/411819097/ff.o
 .text.init_alloc_info
                0x0000000023f105d4       0x90 build/default/debug/_ext/411819097/ff.o
 .text.load_obj_xdir
                0x0000000023f10664       0xd4 build/default/debug/_ext/411819097/ff.o
 .text.store_xdir
                0x0000000023f10738      0x14c build/default/debug/_ext/411819097/ff.o
 .text.create_xdir
                0x0000000023f10884      0x188 build/default/debug/_ext/411819097/ff.o
 .text.dir_read
                0x0000000023f10a0c      0x2f8 build/default/debug/_ext/411819097/ff.o
 .text.dir_find
                0x0000000023f10d04      0x42c build/default/debug/_ext/411819097/ff.o
 .text.dir_register
                0x0000000023f11130      0x540 build/default/debug/_ext/411819097/ff.o
 .text.dir_remove
                0x0000000023f11670      0x144 build/default/debug/_ext/411819097/ff.o
 .text.get_fileinfo
                0x0000000023f117b4      0x6a0 build/default/debug/_ext/411819097/ff.o
 .text.create_name
                0x0000000023f11e54      0x744 build/default/debug/_ext/411819097/ff.o
 .text.follow_path
                0x0000000023f12598      0x338 build/default/debug/_ext/411819097/ff.o
 .text.get_ldnumber
                0x0000000023f128d0      0x110 build/default/debug/_ext/411819097/ff.o
 .text.crc32    0x0000000023f129e0       0xb4 build/default/debug/_ext/411819097/ff.o
 .text.test_gpt_header
                0x0000000023f12a94      0x158 build/default/debug/_ext/411819097/ff.o
 .text.make_rand
                0x0000000023f12bec       0xc0 build/default/debug/_ext/411819097/ff.o
 .text.check_fs
                0x0000000023f12cac      0x280 build/default/debug/_ext/411819097/ff.o
 .text.find_volume
                0x0000000023f12f2c      0x33c build/default/debug/_ext/411819097/ff.o
 .text.mount_volume
                0x0000000023f13268      0xc20 build/default/debug/_ext/411819097/ff.o
 .text.validate
                0x0000000023f13e88       0xc8 build/default/debug/_ext/411819097/ff.o
 .text.f_mount  0x0000000023f13f50      0x114 build/default/debug/_ext/411819097/ff.o
                0x0000000023f13f50                f_mount
 .text.f_open   0x0000000023f14064      0x784 build/default/debug/_ext/411819097/ff.o
                0x0000000023f14064                f_open
 .text.f_read   0x0000000023f147e8      0x4cc build/default/debug/_ext/411819097/ff.o
                0x0000000023f147e8                f_read
 .text.f_write  0x0000000023f14cb4      0x5a4 build/default/debug/_ext/411819097/ff.o
                0x0000000023f14cb4                f_write
 .text.f_sync   0x0000000023f15258      0x368 build/default/debug/_ext/411819097/ff.o
                0x0000000023f15258                f_sync
 .text.f_close  0x0000000023f155c0       0x94 build/default/debug/_ext/411819097/ff.o
                0x0000000023f155c0                f_close
 .text.f_chdrive
                0x0000000023f15654       0x58 build/default/debug/_ext/411819097/ff.o
                0x0000000023f15654                f_chdrive
 .text.f_chdir  0x0000000023f156ac      0x188 build/default/debug/_ext/411819097/ff.o
                0x0000000023f156ac                f_chdir
 .text.f_getcwd
                0x0000000023f15834      0x344 build/default/debug/_ext/411819097/ff.o
                0x0000000023f15834                f_getcwd
 .text.f_lseek  0x0000000023f15b78      0x5d0 build/default/debug/_ext/411819097/ff.o
                0x0000000023f15b78                f_lseek
 .text.f_opendir
                0x0000000023f16148      0x20c build/default/debug/_ext/411819097/ff.o
                0x0000000023f16148                f_opendir
 .text.f_closedir
                0x0000000023f16354       0x88 build/default/debug/_ext/411819097/ff.o
                0x0000000023f16354                f_closedir
 .text.f_readdir
                0x0000000023f163dc       0xd8 build/default/debug/_ext/411819097/ff.o
                0x0000000023f163dc                f_readdir
 .text.f_stat   0x0000000023f164b4       0xac build/default/debug/_ext/411819097/ff.o
                0x0000000023f164b4                f_stat
 .text.f_getfree
                0x0000000023f16560      0x398 build/default/debug/_ext/411819097/ff.o
                0x0000000023f16560                f_getfree
 .text.f_truncate
                0x0000000023f168f8      0x224 build/default/debug/_ext/411819097/ff.o
                0x0000000023f168f8                f_truncate
 .text.f_unlink
                0x0000000023f16b1c      0x290 build/default/debug/_ext/411819097/ff.o
                0x0000000023f16b1c                f_unlink
 .text.f_mkdir  0x0000000023f16dac      0x378 build/default/debug/_ext/411819097/ff.o
                0x0000000023f16dac                f_mkdir
 .text.f_rename
                0x0000000023f17124      0x508 build/default/debug/_ext/411819097/ff.o
                0x0000000023f17124                f_rename
 .text.f_chmod  0x0000000023f1762c      0x19c build/default/debug/_ext/411819097/ff.o
                0x0000000023f1762c                f_chmod
 .text.f_utime  0x0000000023f177c8      0x148 build/default/debug/_ext/411819097/ff.o
                0x0000000023f177c8                f_utime
 .text.f_getlabel
                0x0000000023f17910      0x348 build/default/debug/_ext/411819097/ff.o
                0x0000000023f17910                f_getlabel
 .text.f_setlabel
                0x0000000023f17c58      0x4ec build/default/debug/_ext/411819097/ff.o
                0x0000000023f17c58                f_setlabel
 .text.create_partition
                0x0000000023f18144      0xbdc build/default/debug/_ext/411819097/ff.o
 .text.f_mkfs   0x0000000023f18d20     0x228c build/default/debug/_ext/411819097/ff.o
                0x0000000023f18d20                f_mkfs
 .text.f_fdisk  0x0000000023f1afac       0xa8 build/default/debug/_ext/411819097/ff.o
                0x0000000023f1afac                f_fdisk
 .text.f_gets   0x0000000023f1b054       0xe0 build/default/debug/_ext/411819097/ff.o
                0x0000000023f1b054                f_gets
 .text.putc_bfd
                0x0000000023f1b134       0xcc build/default/debug/_ext/411819097/ff.o
 .text.putc_flush
                0x0000000023f1b200       0x80 build/default/debug/_ext/411819097/ff.o
 .text.putc_init
                0x0000000023f1b280       0x3c build/default/debug/_ext/411819097/ff.o
 .text.f_putc   0x0000000023f1b2bc       0x58 build/default/debug/_ext/411819097/ff.o
                0x0000000023f1b2bc                f_putc
 .text.f_puts   0x0000000023f1b314       0x74 build/default/debug/_ext/411819097/ff.o
                0x0000000023f1b314                f_puts
 .text.f_printf
                0x0000000023f1b388      0x6dc build/default/debug/_ext/411819097/ff.o
                0x0000000023f1b388                f_printf
 .text.main     0x0000000023f1ba64       0x30 build/default/debug/_ext/1360937237/main.o
                0x0000000023f1ba64                main
 .text.F_USB_HOST_SCSI_TimerCallback
                0x0000000023f1ba94       0x4c build/default/debug/_ext/308758920/usb_host_scsi.o
                0x0000000023f1ba94                F_USB_HOST_SCSI_TimerCallback
 .text.F_USB_HOST_SCSI_Transfer
                0x0000000023f1bae0      0x2b8 build/default/debug/_ext/308758920/usb_host_scsi.o
                0x0000000023f1bae0                F_USB_HOST_SCSI_Transfer
 .text.F_USB_HOST_SCSI_CommandCallback
                0x0000000023f1bd98       0x68 build/default/debug/_ext/308758920/usb_host_scsi.o
                0x0000000023f1bd98                F_USB_HOST_SCSI_CommandCallback
 .text.F_USB_HOST_SCSI_BlockTransferCallback
                0x0000000023f1be00       0xf0 build/default/debug/_ext/308758920/usb_host_scsi.o
                0x0000000023f1be00                F_USB_HOST_SCSI_BlockTransferCallback
 .text.F_USB_HOST_SCSI_TestUnitReadyCommand
                0x0000000023f1bef0       0x7c build/default/debug/_ext/308758920/usb_host_scsi.o
                0x0000000023f1bef0                F_USB_HOST_SCSI_TestUnitReadyCommand
 .text.F_USB_HOST_SCSI_RequestSenseCommand
                0x0000000023f1bf6c       0x7c build/default/debug/_ext/308758920/usb_host_scsi.o
                0x0000000023f1bf6c                F_USB_HOST_SCSI_RequestSenseCommand
 .text.F_USB_HOST_SCSI_ReadCapacityCommand
                0x0000000023f1bfe8       0xbc build/default/debug/_ext/308758920/usb_host_scsi.o
                0x0000000023f1bfe8                F_USB_HOST_SCSI_ReadCapacityCommand
 .text.F_USB_HOST_SCSI_InquiryResponseCommand
                0x0000000023f1c0a4       0x7c build/default/debug/_ext/308758920/usb_host_scsi.o
                0x0000000023f1c0a4                F_USB_HOST_SCSI_InquiryResponseCommand
 .text.F_USB_HOST_SCSI_ModeSense
                0x0000000023f1c120       0x8c build/default/debug/_ext/308758920/usb_host_scsi.o
                0x0000000023f1c120                F_USB_HOST_SCSI_ModeSense
 .text.F_USB_HOST_SCSI_LUNHandleToSCSIInstance
                0x0000000023f1c1ac       0xac build/default/debug/_ext/308758920/usb_host_scsi.o
                0x0000000023f1c1ac                F_USB_HOST_SCSI_LUNHandleToSCSIInstance
 .text.USB_HOST_SCSI_Initialize
                0x0000000023f1c258       0xf0 build/default/debug/_ext/308758920/usb_host_scsi.o
                0x0000000023f1c258                USB_HOST_SCSI_Initialize
 .text.USB_HOST_SCSI_Deinitialize
                0x0000000023f1c348      0x104 build/default/debug/_ext/308758920/usb_host_scsi.o
                0x0000000023f1c348                USB_HOST_SCSI_Deinitialize
 .text.F_USB_HOST_SCSI_TasksByIndex
                0x0000000023f1c44c      0x98c build/default/debug/_ext/308758920/usb_host_scsi.o
                0x0000000023f1c44c                F_USB_HOST_SCSI_TasksByIndex
 .text.USB_HOST_SCSI_Tasks
                0x0000000023f1cdd8       0x3c build/default/debug/_ext/308758920/usb_host_scsi.o
                0x0000000023f1cdd8                USB_HOST_SCSI_Tasks
 .text.USB_HOST_SCSI_Open
                0x0000000023f1ce14       0x9c build/default/debug/_ext/308758920/usb_host_scsi.o
                0x0000000023f1ce14                USB_HOST_SCSI_Open
 .text.USB_HOST_SCSI_Close
                0x0000000023f1ceb0       0x20 build/default/debug/_ext/308758920/usb_host_scsi.o
                0x0000000023f1ceb0                USB_HOST_SCSI_Close
 .text.USB_HOST_SCSI_MediaStatusGet
                0x0000000023f1ced0       0x84 build/default/debug/_ext/308758920/usb_host_scsi.o
                0x0000000023f1ced0                USB_HOST_SCSI_MediaStatusGet
 .text.USB_HOST_SCSI_SectorRead
                0x0000000023f1cf54       0x4c build/default/debug/_ext/308758920/usb_host_scsi.o
                0x0000000023f1cf54                USB_HOST_SCSI_SectorRead
 .text.USB_HOST_SCSI_SectorWrite
                0x0000000023f1cfa0       0x4c build/default/debug/_ext/308758920/usb_host_scsi.o
                0x0000000023f1cfa0                USB_HOST_SCSI_SectorWrite
 .text.USB_HOST_SCSI_EventHandlerSet
                0x0000000023f1cfec       0x70 build/default/debug/_ext/308758920/usb_host_scsi.o
                0x0000000023f1cfec                USB_HOST_SCSI_EventHandlerSet
 .text.USB_HOST_SCSI_MediaGeometryGet
                0x0000000023f1d05c       0x78 build/default/debug/_ext/308758920/usb_host_scsi.o
                0x0000000023f1d05c                USB_HOST_SCSI_MediaGeometryGet
 .text.F_USB_HOST_SCSI_DetachDetectTasks
                0x0000000023f1d0d4      0x2a4 build/default/debug/_ext/308758920/usb_host_scsi.o
                0x0000000023f1d0d4                F_USB_HOST_SCSI_DetachDetectTasks
 .text.USB_HOST_SCSI_TransferTasks
                0x0000000023f1d378      0x4cc build/default/debug/_ext/308758920/usb_host_scsi.o
                0x0000000023f1d378                USB_HOST_SCSI_TransferTasks
 .text.F_USB_HOST_MSD_TransferTasks
                0x0000000023f1d844      0x4a4 build/default/debug/_ext/308758920/usb_host_msd.o
                0x0000000023f1d844                F_USB_HOST_MSD_TransferTasks
 .text.F_USB_HOST_MSD_HostResultToMSDResultMap
                0x0000000023f1dce8       0xb0 build/default/debug/_ext/308758920/usb_host_msd.o
                0x0000000023f1dce8                F_USB_HOST_MSD_HostResultToMSDResultMap
 .text.F_USB_HOST_MSD_InterfaceHandleToMSDInstance
                0x0000000023f1dd98       0xac build/default/debug/_ext/308758920/usb_host_msd.o
                0x0000000023f1dd98                F_USB_HOST_MSD_InterfaceHandleToMSDInstance
 .text.F_USB_HOST_MSD_InstanceRelease
                0x0000000023f1de44      0x104 build/default/debug/_ext/308758920/usb_host_msd.o
                0x0000000023f1de44                F_USB_HOST_MSD_InstanceRelease
 .text.USB_HOST_MSD_TransferErrorTasks
                0x0000000023f1df48      0x51c build/default/debug/_ext/308758920/usb_host_msd.o
                0x0000000023f1df48                USB_HOST_MSD_TransferErrorTasks
 .text.F_USB_HOST_MSD_ControlTransferCallback
                0x0000000023f1e464       0x5c build/default/debug/_ext/308758920/usb_host_msd.o
                0x0000000023f1e464                F_USB_HOST_MSD_ControlTransferCallback
 .text.F_USB_HOST_MSD_GetMaxLUNPacketCreate
                0x0000000023f1e4c0       0x7c build/default/debug/_ext/308758920/usb_host_msd.o
                0x0000000023f1e4c0                F_USB_HOST_MSD_GetMaxLUNPacketCreate
 .text.F_USB_HOST_MSD_ResetPacketCreate
                0x0000000023f1e53c       0x78 build/default/debug/_ext/308758920/usb_host_msd.o
                0x0000000023f1e53c                F_USB_HOST_MSD_ResetPacketCreate
 .text.F_USB_HOST_MSD_Initialize
                0x0000000023f1e5b4       0xe0 build/default/debug/_ext/308758920/usb_host_msd.o
                0x0000000023f1e5b4                F_USB_HOST_MSD_Initialize
 .text.F_USB_HOST_MSD_Deinitialize
                0x0000000023f1e694       0x18 build/default/debug/_ext/308758920/usb_host_msd.o
                0x0000000023f1e694                F_USB_HOST_MSD_Deinitialize
 .text.F_USB_HOST_MSD_Reinitialize
                0x0000000023f1e6ac       0x20 build/default/debug/_ext/308758920/usb_host_msd.o
                0x0000000023f1e6ac                F_USB_HOST_MSD_Reinitialize
 .text.F_USB_HOST_MSD_InterfaceAssign
                0x0000000023f1e6cc      0x2c4 build/default/debug/_ext/308758920/usb_host_msd.o
                0x0000000023f1e6cc                F_USB_HOST_MSD_InterfaceAssign
 .text.F_USB_HOST_MSD_InterfaceRelease
                0x0000000023f1e990       0x24 build/default/debug/_ext/308758920/usb_host_msd.o
                0x0000000023f1e990                F_USB_HOST_MSD_InterfaceRelease
 .text.F_USB_HOST_MSD_InterfaceEventHandler
                0x0000000023f1e9b4       0xac build/default/debug/_ext/308758920/usb_host_msd.o
                0x0000000023f1e9b4                F_USB_HOST_MSD_InterfaceEventHandler
 .text.F_USB_HOST_MSD_InterfaceTasks
                0x0000000023f1ea60      0x288 build/default/debug/_ext/308758920/usb_host_msd.o
                0x0000000023f1ea60                F_USB_HOST_MSD_InterfaceTasks
 .text.USB_HOST_MSD_Transfer
                0x0000000023f1ece8      0x3dc build/default/debug/_ext/308758920/usb_host_msd.o
                0x0000000023f1ece8                USB_HOST_MSD_Transfer
 .text.F_DRV_USB_EHCI_GetUniqueKey
                0x0000000023f1f0c4       0x74 build/default/debug/_ext/1535495969/drv_usb_ehci.o
                0x0000000023f1f0c4                F_DRV_USB_EHCI_GetUniqueKey
 .text.F_DRV_USB_EHCI_QTDBufferPointerSetup
                0x0000000023f1f138      0x10c build/default/debug/_ext/1535495969/drv_usb_ehci.o
                0x0000000023f1f138                F_DRV_USB_EHCI_QTDBufferPointerSetup
 .text.F_DRV_USB_EHCI_ControlTransferQTD
                0x0000000023f1f244      0x3b0 build/default/debug/_ext/1535495969/drv_usb_ehci.o
                0x0000000023f1f244                F_DRV_USB_EHCI_ControlTransferQTD
 .text.F_DRV_USB_EHCI_PortsTask
                0x0000000023f1f5f4      0x554 build/default/debug/_ext/1535495969/drv_usb_ehci.o
                0x0000000023f1f5f4                F_DRV_USB_EHCI_PortsTask
 .text.F_DRV_USB_EHCI_CheckQHForError
                0x0000000023f1fb48       0x9c build/default/debug/_ext/1535495969/drv_usb_ehci.o
                0x0000000023f1fb48                F_DRV_USB_EHCI_CheckQHForError
 .text.F_DRV_USB_EHCI_CheckQTDForError
                0x0000000023f1fbe4       0x9c build/default/debug/_ext/1535495969/drv_usb_ehci.o
                0x0000000023f1fbe4                F_DRV_USB_EHCI_CheckQTDForError
 .text.F_DRV_USB_EHCI_DataQTD
                0x0000000023f1fc80      0x1b8 build/default/debug/_ext/1535495969/drv_usb_ehci.o
                0x0000000023f1fc80                F_DRV_USB_EHCI_DataQTD
 .text.F_DRV_USB_EHCI_BulkTransferProcess
                0x0000000023f1fe38      0x378 build/default/debug/_ext/1535495969/drv_usb_ehci.o
                0x0000000023f1fe38                F_DRV_USB_EHCI_BulkTransferProcess
 .text.F_DRV_USB_EHCI_ControlTransferProcess
                0x0000000023f201b0      0x298 build/default/debug/_ext/1535495969/drv_usb_ehci.o
                0x0000000023f201b0                F_DRV_USB_EHCI_ControlTransferProcess
 .text.F_DRV_USB_EHCI_PeriodicListRemove
                0x0000000023f20448       0xfc build/default/debug/_ext/1535495969/drv_usb_ehci.o
                0x0000000023f20448                F_DRV_USB_EHCI_PeriodicListRemove
 .text.F_DRV_USB_EHCI_PipeCloseTask
                0x0000000023f20544      0x59c build/default/debug/_ext/1535495969/drv_usb_ehci.o
                0x0000000023f20544                F_DRV_USB_EHCI_PipeCloseTask
 .text.DRV_USB_EHCI_Initialize
                0x0000000023f20ae0      0x638 build/default/debug/_ext/1535495969/drv_usb_ehci.o
                0x0000000023f20ae0                DRV_USB_EHCI_Initialize
 .text.DRV_USB_EHCI_Open
                0x0000000023f21118      0x144 build/default/debug/_ext/1535495969/drv_usb_ehci.o
                0x0000000023f21118                DRV_USB_EHCI_Open
 .text.DRV_USB_EHCI_Close
                0x0000000023f2125c       0x90 build/default/debug/_ext/1535495969/drv_usb_ehci.o
                0x0000000023f2125c                DRV_USB_EHCI_Close
 .text.DRV_USB_EHCI_Tasks
                0x0000000023f212ec       0xe0 build/default/debug/_ext/1535495969/drv_usb_ehci.o
                0x0000000023f212ec                DRV_USB_EHCI_Tasks
 .text.DRV_USB_EHCI_IRPSubmit
                0x0000000023f213cc      0xb40 build/default/debug/_ext/1535495969/drv_usb_ehci.o
                0x0000000023f213cc                DRV_USB_EHCI_IRPSubmit
 .text.DRV_USB_EHCI_IRPCancel
                0x0000000023f21f0c      0x3a4 build/default/debug/_ext/1535495969/drv_usb_ehci.o
                0x0000000023f21f0c                DRV_USB_EHCI_IRPCancel
 .text.DRV_USB_EHCI_PipeClose
                0x0000000023f222b0      0x33c build/default/debug/_ext/1535495969/drv_usb_ehci.o
                0x0000000023f222b0                DRV_USB_EHCI_PipeClose
 .text.DRV_USB_EHCI_PipeSetup
                0x0000000023f225ec      0x798 build/default/debug/_ext/1535495969/drv_usb_ehci.o
                0x0000000023f225ec                DRV_USB_EHCI_PipeSetup
 .text.DRV_USB_EHCI_EventsDisable
                0x0000000023f22d84       0xa4 build/default/debug/_ext/1535495969/drv_usb_ehci.o
                0x0000000023f22d84                DRV_USB_EHCI_EventsDisable
 .text.DRV_USB_EHCI_EventsEnable
                0x0000000023f22e28       0xa4 build/default/debug/_ext/1535495969/drv_usb_ehci.o
                0x0000000023f22e28                DRV_USB_EHCI_EventsEnable
 .text.DRV_USB_EHCI_OperationEnable
                0x0000000023f22ecc      0x11c build/default/debug/_ext/1535495969/drv_usb_ehci.o
                0x0000000023f22ecc                DRV_USB_EHCI_OperationEnable
 .text.DRV_USB_EHCI_OperationIsEnabled
                0x0000000023f22fe8      0x3b0 build/default/debug/_ext/1535495969/drv_usb_ehci.o
                0x0000000023f22fe8                DRV_USB_EHCI_OperationIsEnabled
 .text.DRV_USB_EHCI_PortReset
                0x0000000023f23398      0x110 build/default/debug/_ext/1535495969/drv_usb_ehci.o
                0x0000000023f23398                DRV_USB_EHCI_PortReset
 .text.DRV_USB_EHCI_PortSpeedGet
                0x0000000023f234a8      0x10c build/default/debug/_ext/1535495969/drv_usb_ehci.o
                0x0000000023f234a8                DRV_USB_EHCI_PortSpeedGet
 .text.DRV_USB_EHCI_PortResetIsComplete
                0x0000000023f235b4       0xf0 build/default/debug/_ext/1535495969/drv_usb_ehci.o
                0x0000000023f235b4                DRV_USB_EHCI_PortResetIsComplete
 .text.DRV_USB_EHCI_PortResume
                0x0000000023f236a4       0x2c build/default/debug/_ext/1535495969/drv_usb_ehci.o
                0x0000000023f236a4                DRV_USB_EHCI_PortResume
 .text.DRV_USB_EHCI_PortSuspend
                0x0000000023f236d0       0x2c build/default/debug/_ext/1535495969/drv_usb_ehci.o
                0x0000000023f236d0                DRV_USB_EHCI_PortSuspend
 .text.DRV_USB_EHCI_BusSpeedGet
                0x0000000023f236fc       0x80 build/default/debug/_ext/1535495969/drv_usb_ehci.o
                0x0000000023f236fc                DRV_USB_EHCI_BusSpeedGet
 .text.DRV_USB_EHCI_MaximumCurrentGet
                0x0000000023f2377c       0x9c build/default/debug/_ext/1535495969/drv_usb_ehci.o
                0x0000000023f2377c                DRV_USB_EHCI_MaximumCurrentGet
 .text.DRV_USB_EHCI_PortNumbersGet
                0x0000000023f23818       0xac build/default/debug/_ext/1535495969/drv_usb_ehci.o
                0x0000000023f23818                DRV_USB_EHCI_PortNumbersGet
 .text.DRV_USB_EHCI_RootHubInitialize
                0x0000000023f238c4       0x94 build/default/debug/_ext/1535495969/drv_usb_ehci.o
                0x0000000023f238c4                DRV_USB_EHCI_RootHubInitialize
 .text.DRV_USB_EHCI_EndpointToggleClear
                0x0000000023f23958       0xe4 build/default/debug/_ext/1535495969/drv_usb_ehci.o
                0x0000000023f23958                DRV_USB_EHCI_EndpointToggleClear
 .text.DRV_USB_EHCI_Tasks_ISR
                0x0000000023f23a3c      0x37c build/default/debug/_ext/1535495969/drv_usb_ehci.o
                0x0000000023f23a3c                DRV_USB_EHCI_Tasks_ISR
 .text.UHPHS_Handler
                0x0000000023f23db8       0x38 build/default/debug/_ext/1535495969/drv_usb_ehci.o
                0x0000000023f23db8                UHPHS_Handler
 .text.undefined_instruction_irq_handler
                0x0000000023f23df0        0xc build/default/debug/_ext/1171490990/fault_handlers.o
                0x0000000023f23df0                undefined_instruction_irq_handler
 .text.software_interrupt_irq_handler
                0x0000000023f23dfc        0xc build/default/debug/_ext/1171490990/fault_handlers.o
                0x0000000023f23dfc                software_interrupt_irq_handler
 .text.data_abort_irq_handler
                0x0000000023f23e08        0xc build/default/debug/_ext/1171490990/fault_handlers.o
                0x0000000023f23e08                data_abort_irq_handler
 .text.prefetch_abort_irq_handler
                0x0000000023f23e14        0xc build/default/debug/_ext/1171490990/fault_handlers.o
                0x0000000023f23e14                prefetch_abort_irq_handler
 .text.PIO_Initialize
                0x0000000023f23e20      0x1d0 build/default/debug/_ext/60177924/plib_pio.o
                0x0000000023f23e20                PIO_Initialize
 .text.SYS_FS_MEDIA_T_MANAGER_UpdateVolToPart
                0x0000000023f23ff0       0x64 build/default/debug/_ext/1269487135/sys_fs_media_manager.o
 .text.SYS_FS_MEDIA_T_MANAGER_HandleMediaDetach
                0x0000000023f24054      0x220 build/default/debug/_ext/1269487135/sys_fs_media_manager.o
 .text.lSYS_FS_MountVolume
                0x0000000023f24274      0x1e4 build/default/debug/_ext/1269487135/sys_fs_media_manager.o
 .text.SYS_FS_MEDIA_T_MANAGER_PopulateVolume
                0x0000000023f24458      0x40c build/default/debug/_ext/1269487135/sys_fs_media_manager.o
 .text.SYS_FS_MEDIA_T_MANAGER_FindNextMedia
                0x0000000023f24864      0x1a4 build/default/debug/_ext/1269487135/sys_fs_media_manager.o
 .text.SYS_FS_MEDIA_MANAGER_IsFSFat
                0x0000000023f24a08       0x80 build/default/debug/_ext/1269487135/sys_fs_media_manager.o
 .text.SYS_FS_MEDIA_T_MANAGER_AnalyzeFileSystem
                0x0000000023f24a88      0x314 build/default/debug/_ext/1269487135/sys_fs_media_manager.o
 .text.SYS_FS_MEDIA_MANAGER_Register
                0x0000000023f24d9c      0x164 build/default/debug/_ext/1269487135/sys_fs_media_manager.o
                0x0000000023f24d9c                SYS_FS_MEDIA_MANAGER_Register
 .text.SYS_FS_MEDIA_MANAGER_DeRegister
                0x0000000023f24f00       0x44 build/default/debug/_ext/1269487135/sys_fs_media_manager.o
                0x0000000023f24f00                SYS_FS_MEDIA_MANAGER_DeRegister
 .text.SYS_FS_MEDIA_MANAGER_SectorRead
                0x0000000023f24f44      0x128 build/default/debug/_ext/1269487135/sys_fs_media_manager.o
                0x0000000023f24f44                SYS_FS_MEDIA_MANAGER_SectorRead
 .text.SYS_FS_MEDIA_MANAGER_SectorWrite
                0x0000000023f2506c      0x488 build/default/debug/_ext/1269487135/sys_fs_media_manager.o
                0x0000000023f2506c                SYS_FS_MEDIA_MANAGER_SectorWrite
 .text.SYS_FS_MEDIA_MANAGER_MediaStatusGet
                0x0000000023f254f4      0x144 build/default/debug/_ext/1269487135/sys_fs_media_manager.o
                0x0000000023f254f4                SYS_FS_MEDIA_MANAGER_MediaStatusGet
 .text.SYS_FS_MEDIA_MANAGER_VolumePropertyGet
                0x0000000023f25638       0xfc build/default/debug/_ext/1269487135/sys_fs_media_manager.o
                0x0000000023f25638                SYS_FS_MEDIA_MANAGER_VolumePropertyGet
 .text.SYS_FS_MEDIA_MANAGER_EventHandlerSet
                0x0000000023f25734       0xa0 build/default/debug/_ext/1269487135/sys_fs_media_manager.o
                0x0000000023f25734                SYS_FS_MEDIA_MANAGER_EventHandlerSet
 .text.SYS_FS_MEDIA_MANAGER_RegisterTransferHandler
                0x0000000023f257d4       0x30 build/default/debug/_ext/1269487135/sys_fs_media_manager.o
                0x0000000023f257d4                SYS_FS_MEDIA_MANAGER_RegisterTransferHandler
 .text.SYS_FS_MEDIA_MANAGER_EventHandler
                0x0000000023f25804       0xb0 build/default/debug/_ext/1269487135/sys_fs_media_manager.o
 .text.SYS_FS_MEDIA_MANAGER_GetMediaGeometry
                0x0000000023f258b4       0x80 build/default/debug/_ext/1269487135/sys_fs_media_manager.o
                0x0000000023f258b4                SYS_FS_MEDIA_MANAGER_GetMediaGeometry
 .text.SYS_FS_MEDIA_MANAGER_TransferTask
                0x0000000023f25934       0xa0 build/default/debug/_ext/1269487135/sys_fs_media_manager.o
                0x0000000023f25934                SYS_FS_MEDIA_MANAGER_TransferTask
 .text.SYS_FS_MEDIA_MANAGER_Tasks
                0x0000000023f259d4      0x4b0 build/default/debug/_ext/1269487135/sys_fs_media_manager.o
                0x0000000023f259d4                SYS_FS_MEDIA_MANAGER_Tasks
 .text.SPURIOUS_INTERRUPT_Handler
                0x0000000023f25e84       0x34 build/default/debug/_ext/1171490990/interrupts.o
                0x0000000023f25e84                SPURIOUS_INTERRUPT_Handler
 .text.SYS_FS_GetDisk
                0x0000000023f25eb8      0x2ac build/default/debug/_ext/1269487135/sys_fs.o
 .text.SYS_FS_Initialize
                0x0000000023f26164      0x2a8 build/default/debug/_ext/1269487135/sys_fs.o
                0x0000000023f26164                SYS_FS_Initialize
 .text.SYS_FS_Tasks
                0x0000000023f2640c       0x14 build/default/debug/_ext/1269487135/sys_fs.o
                0x0000000023f2640c                SYS_FS_Tasks
 .text.SYS_FS_EventHandlerSet
                0x0000000023f26420       0x2c build/default/debug/_ext/1269487135/sys_fs.o
                0x0000000023f26420                SYS_FS_EventHandlerSet
 .text.SYS_FS_Mount
                0x0000000023f2644c      0x590 build/default/debug/_ext/1269487135/sys_fs.o
                0x0000000023f2644c                SYS_FS_Mount
 .text.SYS_FS_Unmount
                0x0000000023f269dc      0x358 build/default/debug/_ext/1269487135/sys_fs.o
                0x0000000023f269dc                SYS_FS_Unmount
 .text.SYS_FS_FileOpen
                0x0000000023f26d34      0x3b8 build/default/debug/_ext/1269487135/sys_fs.o
                0x0000000023f26d34                SYS_FS_FileOpen
 .text.SYS_FS_FileClose
                0x0000000023f270ec      0x1a4 build/default/debug/_ext/1269487135/sys_fs.o
                0x0000000023f270ec                SYS_FS_FileClose
 .text.SYS_FS_FileRead
                0x0000000023f27290      0x1a0 build/default/debug/_ext/1269487135/sys_fs.o
                0x0000000023f27290                SYS_FS_FileRead
 .text.SYS_FS_FileSize
                0x0000000023f27430      0x194 build/default/debug/_ext/1269487135/sys_fs.o
                0x0000000023f27430                SYS_FS_FileSize
 .text.SYS_FS_Error
                0x0000000023f275c4       0x24 build/default/debug/_ext/1269487135/sys_fs.o
                0x0000000023f275c4                SYS_FS_Error
 .text.read     0x0000000023f275e8       0x80 build/default/debug/_ext/163028504/xc32_monitor.o
                0x0000000023f275e8                read
 .text.write    0x0000000023f27668       0x64 build/default/debug/_ext/163028504/xc32_monitor.o
                0x0000000023f27668                write
 .text.ff_uni2oem
                0x0000000023f276cc       0xd0 build/default/debug/_ext/411819097/ffunicode.o
                0x0000000023f276cc                ff_uni2oem
 .text.ff_oem2uni
                0x0000000023f2779c       0x9c build/default/debug/_ext/411819097/ffunicode.o
                0x0000000023f2779c                ff_oem2uni
 .text.ff_wtoupper
                0x0000000023f27838      0x1f8 build/default/debug/_ext/411819097/ffunicode.o
                0x0000000023f27838                ff_wtoupper
 .text.initSlowClk
                0x0000000023f27a30       0x34 build/default/debug/_ext/60165520/plib_clk.o
 .text.initMainClk
                0x0000000023f27a64       0xc0 build/default/debug/_ext/60165520/plib_clk.o
 .text.CLK_PLLAInitialize
                0x0000000023f27b24       0x48 build/default/debug/_ext/60165520/plib_clk.o
 .text.CLK_MasterClockInitialize
                0x0000000023f27b6c       0xc4 build/default/debug/_ext/60165520/plib_clk.o
 .text.CLK_UTMIPLLInitialize
                0x0000000023f27c30       0x70 build/default/debug/_ext/60165520/plib_clk.o
 .text.CLK_USBClockInitialize
                0x0000000023f27ca0       0x38 build/default/debug/_ext/60165520/plib_clk.o
 .text.CLK_PeripheralClockInitialize
                0x0000000023f27cd8       0x60 build/default/debug/_ext/60165520/plib_clk.o
 .text.initDDRClk
                0x0000000023f27d38       0x34 build/default/debug/_ext/60165520/plib_clk.o
 .text.CLK_Initialize
                0x0000000023f27d6c       0x30 build/default/debug/_ext/60165520/plib_clk.o
                0x0000000023f27d6c                CLK_Initialize
 .text.MMU_Enable
                0x0000000023f27d9c       0x40 build/default/debug/_ext/60175171/plib_mmu.o
 .text.mmu_configure
                0x0000000023f27ddc       0x48 build/default/debug/_ext/60175171/plib_mmu.o
 .text.icache_Enable
                0x0000000023f27e24       0x68 build/default/debug/_ext/60175171/plib_mmu.o
                0x0000000023f27e24                icache_Enable
 .text.dcache_Enable
                0x0000000023f27e8c      0x2ac build/default/debug/_ext/60175171/plib_mmu.o
                0x0000000023f27e8c                dcache_Enable
 .text.MMU_Initialize
                0x0000000023f28138      0x518 build/default/debug/_ext/60175171/plib_mmu.o
                0x0000000023f28138                MMU_Initialize
 .text.SYS_TIME_UPDATE_TOKEN
                0x0000000023f28650       0x4c build/default/debug/_ext/101884895/sys_time.o
 .text.SYS_TIME_MAKE_HANDLE
                0x0000000023f2869c       0x40 build/default/debug/_ext/101884895/sys_time.o
 .text.SYS_TIME_ResourceLock
                0x0000000023f286dc       0xac build/default/debug/_ext/101884895/sys_time.o
 .text.SYS_TIME_ResourceUnlock
                0x0000000023f28788       0x74 build/default/debug/_ext/101884895/sys_time.o
 .text.SYS_TIME_GetTimerObject
                0x0000000023f287fc       0x9c build/default/debug/_ext/101884895/sys_time.o
 .text.SYS_TIME_HwTimerCompareUpdate
                0x0000000023f28898      0x1b8 build/default/debug/_ext/101884895/sys_time.o
 .text.SYS_TIME_RemoveFromList
                0x0000000023f28a50      0x124 build/default/debug/_ext/101884895/sys_time.o
 .text.SYS_TIME_AddToList
                0x0000000023f28b74      0x1c4 build/default/debug/_ext/101884895/sys_time.o
 .text.SYS_TIME_GetElapsedCount
                0x0000000023f28d38       0x78 build/default/debug/_ext/101884895/sys_time.o
 .text.SYS_TIME_UpdateTimerList
                0x0000000023f28db0       0xd0 build/default/debug/_ext/101884895/sys_time.o
 .text.SYS_TIME_TimerAdd
                0x0000000023f28e80       0xe8 build/default/debug/_ext/101884895/sys_time.o
 .text.SYS_TIME_ClientNotify
                0x0000000023f28f68       0xfc build/default/debug/_ext/101884895/sys_time.o
 .text.SYS_TIME_UpdateTime
                0x0000000023f29064       0xf8 build/default/debug/_ext/101884895/sys_time.o
 .text.SYS_TIME_PLIBCallback
                0x0000000023f2915c       0xf8 build/default/debug/_ext/101884895/sys_time.o
 .text.SYS_TIME_TimerObjectCreate
                0x0000000023f29254      0x1bc build/default/debug/_ext/101884895/sys_time.o
 .text.SYS_TIME_CounterInit
                0x0000000023f29410      0x1a8 build/default/debug/_ext/101884895/sys_time.o
 .text.SYS_TIME_Initialize
                0x0000000023f295b8       0xb8 build/default/debug/_ext/101884895/sys_time.o
                0x0000000023f295b8                SYS_TIME_Initialize
 .text.SYS_TIME_MSToCount
                0x0000000023f29670       0x6c build/default/debug/_ext/101884895/sys_time.o
                0x0000000023f29670                SYS_TIME_MSToCount
 .text.SYS_TIME_TimerDestroy
                0x0000000023f296dc       0xbc build/default/debug/_ext/101884895/sys_time.o
                0x0000000023f296dc                SYS_TIME_TimerDestroy
 .text.SYS_TIME_TimerStart
                0x0000000023f29798       0xf8 build/default/debug/_ext/101884895/sys_time.o
                0x0000000023f29798                SYS_TIME_TimerStart
 .text.SYS_TIME_TimerPeriodHasExpired
                0x0000000023f29890       0x84 build/default/debug/_ext/101884895/sys_time.o
                0x0000000023f29890                SYS_TIME_TimerPeriodHasExpired
 .text.SYS_TIME_DelayMS
                0x0000000023f29914       0xa4 build/default/debug/_ext/101884895/sys_time.o
                0x0000000023f29914                SYS_TIME_DelayMS
 .text.SYS_TIME_DelayIsComplete
                0x0000000023f299b8       0x4c build/default/debug/_ext/101884895/sys_time.o
                0x0000000023f299b8                SYS_TIME_DelayIsComplete
 .text.SYS_TIME_CallbackRegisterMS
                0x0000000023f29a04       0x9c build/default/debug/_ext/101884895/sys_time.o
                0x0000000023f29a04                SYS_TIME_CallbackRegisterMS
 .text.diskEventHandler
                0x0000000023f29aa0       0x94 build/default/debug/_ext/565198302/diskio.o
                0x0000000023f29aa0                diskEventHandler
 .text.disk_checkCommandStatus
                0x0000000023f29b34       0xc4 build/default/debug/_ext/565198302/diskio.o
 .text.disk_status
                0x0000000023f29bf8       0x28 build/default/debug/_ext/565198302/diskio.o
                0x0000000023f29bf8                disk_status
 .text.disk_initialize
                0x0000000023f29c20       0x34 build/default/debug/_ext/565198302/diskio.o
                0x0000000023f29c20                disk_initialize
 .text.disk_read_aligned
                0x0000000023f29c54       0xd0 build/default/debug/_ext/565198302/diskio.o
 .text.disk_read
                0x0000000023f29d24      0x210 build/default/debug/_ext/565198302/diskio.o
                0x0000000023f29d24                disk_read
 .text.disk_write
                0x0000000023f29f34      0x264 build/default/debug/_ext/565198302/diskio.o
                0x0000000023f29f34                disk_write
 .text.disk_ioctl
                0x0000000023f2a198       0xe0 build/default/debug/_ext/565198302/diskio.o
                0x0000000023f2a198                disk_ioctl
 .text.get_fattime
                0x0000000023f2a278       0x84 build/default/debug/_ext/565198302/diskio.o
                0x0000000023f2a278                get_fattime
 .text.UART1_ErrorClear
                0x0000000023f2a2fc       0x60 build/default/debug/_ext/1865657120/plib_uart1.o
 .text.UART1_Initialize
                0x0000000023f2a35c       0x58 build/default/debug/_ext/1865657120/plib_uart1.o
                0x0000000023f2a35c                UART1_Initialize
 .text.UART1_ErrorGet
                0x0000000023f2a3b4       0x50 build/default/debug/_ext/1865657120/plib_uart1.o
                0x0000000023f2a3b4                UART1_ErrorGet
 .text.UART1_Read
                0x0000000023f2a404       0xf0 build/default/debug/_ext/1865657120/plib_uart1.o
                0x0000000023f2a404                UART1_Read
 .text.UART1_Write
                0x0000000023f2a4f4       0xa8 build/default/debug/_ext/1865657120/plib_uart1.o
                0x0000000023f2a4f4                UART1_Write
 .text          0x0000000023f2a59c       0xac c:/program files/microchip/xc32/v4.60/bin/bin/../../lib/gcc/pic32c/8.3.1/thumb/v7-a+simd/hard\libgcc.a(_udivsi3.o)
                0x0000000023f2a59c                __aeabi_uidiv
                0x0000000023f2a59c                __udivsi3
                0x0000000023f2a62c                __aeabi_uidivmod
 .text          0x0000000023f2a648       0xe0 c:/program files/microchip/xc32/v4.60/bin/bin/../../lib/gcc/pic32c/8.3.1/thumb/v7-a+simd/hard\libgcc.a(_divsi3.o)
                0x0000000023f2a648                __divsi3
                0x0000000023f2a648                __aeabi_idiv
                0x0000000023f2a70c                __aeabi_idivmod
 .text          0x0000000023f2a728        0x4 c:/program files/microchip/xc32/v4.60/bin/bin/../../lib/gcc/pic32c/8.3.1/thumb/v7-a+simd/hard\libgcc.a(_dvmd_tls.o)
                0x0000000023f2a728                __aeabi_idiv0
                0x0000000023f2a728                __aeabi_ldiv0
 .text          0x0000000023f2a72c       0x30 c:/program files/microchip/xc32/v4.60/bin/bin/../../lib/gcc/pic32c/8.3.1/thumb/v7-a+simd/hard\libgcc.a(_aeabi_uldivmod.o)
                0x0000000023f2a72c                __aeabi_uldivmod
 .text          0x0000000023f2a75c      0x124 c:/program files/microchip/xc32/v4.60/bin/bin/../../lib/gcc/pic32c/8.3.1/thumb/v7-a+simd/hard\libgcc.a(_udivmoddi4.o)
                0x0000000023f2a75c                __udivmoddi4
 .text.memcmp   0x0000000023f2a880       0x1c c:/program files/microchip/xc32/v4.60/bin/bin/../../lib/gcc/pic32c/8.3.1/../../../../pic32c/lib/thumb/v7-a+simd/hard\libc-size-musl.a(memcmp.o)
                0x0000000023f2a880                memcmp
 .text.memcpy   0x0000000023f2a89c       0x1c c:/program files/microchip/xc32/v4.60/bin/bin/../../lib/gcc/pic32c/8.3.1/../../../../pic32c/lib/thumb/v7-a+simd/hard\libc-size-musl.a(memcpy.o)
                0x0000000023f2a89c                memcpy
 .text.memmove  0x0000000023f2a8b8       0x40 c:/program files/microchip/xc32/v4.60/bin/bin/../../lib/gcc/pic32c/8.3.1/../../../../pic32c/lib/thumb/v7-a+simd/hard\libc-size-musl.a(memmove.o)
                0x0000000023f2a8b8                memmove
 .text.memset   0x0000000023f2a8f8       0x14 c:/program files/microchip/xc32/v4.60/bin/bin/../../lib/gcc/pic32c/8.3.1/../../../../pic32c/lib/thumb/v7-a+simd/hard\libc-size-musl.a(memset.o)
                0x0000000023f2a8f8                memset
 .text.strlen   0x0000000023f2a90c       0x18 c:/program files/microchip/xc32/v4.60/bin/bin/../../lib/gcc/pic32c/8.3.1/../../../../pic32c/lib/thumb/v7-a+simd/hard\libc-size-musl.a(strlen.o)
                0x0000000023f2a90c                strlen
 .text.strchr   0x0000000023f2a924       0x14 c:/program files/microchip/xc32/v4.60/bin/bin/../../lib/gcc/pic32c/8.3.1/../../../../pic32c/lib/thumb/v7-a+simd/hard\libc-size-musl.a(strchr.o)
                0x0000000023f2a924                strchr
 .text.__strchrnul
                0x0000000023f2a938       0x60 c:/program files/microchip/xc32/v4.60/bin/bin/../../lib/gcc/pic32c/8.3.1/../../../../pic32c/lib/thumb/v7-a+simd/hard\libc-size-musl.a(strchrnul.o)
                0x0000000023f2a938                strchrnul
                0x0000000023f2a938                __strchrnul
 .text.strcmp   0x0000000023f2a998       0x16 c:/program files/microchip/xc32/v4.60/bin/bin/../../lib/gcc/pic32c/8.3.1/../../../../pic32c/lib/thumb/v7-a+simd/hard\libc-size-musl.a(strcmp.o)
                0x0000000023f2a998                strcmp
 .text.strncmp  0x0000000023f2a9ae       0x28 c:/program files/microchip/xc32/v4.60/bin/bin/../../lib/gcc/pic32c/8.3.1/../../../../pic32c/lib/thumb/v7-a+simd/hard\libc-size-musl.a(strncmp.o)
                0x0000000023f2a9ae                strncmp
 *fill*         0x0000000023f2a9d6        0x2 
 .text.__init_search_fl
                0x0000000023f2a9d8       0x18 c:/program files/microchip/xc32/v4.60/bin/bin/../../lib/gcc/pic32c/8.3.1/../../../../pic32c/lib/thumb/v7-a+simd/hard\liblmalloc-musl.a(lite_free.o)
                0x0000000023f2a9d8                __init_search_fl
 .text.__simple_search_fl
                0x0000000023f2a9f0       0x84 c:/program files/microchip/xc32/v4.60/bin/bin/../../lib/gcc/pic32c/8.3.1/../../../../pic32c/lib/thumb/v7-a+simd/hard\liblmalloc-musl.a(lite_free.o)
                0x0000000023f2a9f0                __simple_search_fl
 .text.__simple_free
                0x0000000023f2aa74       0x44 c:/program files/microchip/xc32/v4.60/bin/bin/../../lib/gcc/pic32c/8.3.1/../../../../pic32c/lib/thumb/v7-a+simd/hard\liblmalloc-musl.a(lite_free.o)
                0x0000000023f2aa74                __simple_free
                0x0000000023f2aa74                free
                0x0000000023f2aa74                __free0
 .text.__simple_malloc
                0x0000000023f2aab8       0x60 c:/program files/microchip/xc32/v4.60/bin/bin/../../lib/gcc/pic32c/8.3.1/../../../../pic32c/lib/thumb/v7-a+simd/hard\liblmalloc-musl.a(lite_malloc.o)
                0x0000000023f2aab8                __malloc0
                0x0000000023f2aab8                __simple_malloc
                0x0000000023f2aab8                malloc
 .text.__dummy  0x0000000023f2ab18        0x2 c:/program files/microchip/xc32/v4.60/bin/bin/../../lib/gcc/pic32c/8.3.1/../../../../pic32c/lib/thumb/v7-a+simd/hard\libg-musl.a(__libc_start_main.o)
                0x0000000023f2ab18                __init_host
 *fill*         0x0000000023f2ab1a        0x2 
 .text.__libc_start_init
                0x0000000023f2ab1c       0x5c c:/program files/microchip/xc32/v4.60/bin/bin/../../lib/gcc/pic32c/8.3.1/../../../../pic32c/lib/thumb/v7-a+simd/hard\libg-musl.a(__libc_start_main.o)
                0x0000000023f2ab1c                __libc_init_array
 .text.__expand_heap
                0x0000000023f2ab78       0x16 c:/program files/microchip/xc32/v4.60/bin/bin/../../lib/gcc/pic32c/8.3.1/../../../../pic32c/lib/thumb/v7-a+simd/hard\libg-musl.a(expand_heap.o)
                0x0000000023f2ab78                __expand_heap
 *fill*         0x0000000023f2ab8e        0x2 
 .text.__wrap_printf
                0x0000000023f2ab90       0x24 c:/program files/microchip/xc32/v4.60/bin/bin/../../lib/gcc/pic32c/8.3.1/../../../../pic32c/lib/thumb/v7-a+simd/hard\libg-musl.a(__sio_printf_dn.o)
                0x0000000023f2ab90                _dprintf_dn
                0x0000000023f2ab90                _printf_dn
 .text.__fmt_d  0x0000000023f2abb4       0xa8 c:/program files/microchip/xc32/v4.60/bin/bin/../../lib/gcc/pic32c/8.3.1/../../../../pic32c/lib/thumb/v7-a+simd/hard\libg-musl.a(__fmt_d.o)
                0x0000000023f2abb4                __fmt_d
                0x0000000023f2abb4                __fmt_d_needed
 .text.__pop_int
                0x0000000023f2ac5c       0xac c:/program files/microchip/xc32/v4.60/bin/bin/../../lib/gcc/pic32c/8.3.1/../../../../pic32c/lib/thumb/v7-a+simd/hard\libg-musl.a(__pop_int.o)
                0x0000000023f2ac5c                __pop_int_needed
                0x0000000023f2ac5c                __pop_int
 .text.__pop_ptr
                0x0000000023f2ad08       0x7c c:/program files/microchip/xc32/v4.60/bin/bin/../../lib/gcc/pic32c/8.3.1/../../../../pic32c/lib/thumb/v7-a+simd/hard\libg-musl.a(__pop_ptr.o)
                0x0000000023f2ad08                __pop_ptr
                0x0000000023f2ad08                __pop_ptr_needed
 .text.__pad    0x0000000023f2ad84       0x7e c:/program files/microchip/xc32/v4.60/bin/bin/../../lib/gcc/pic32c/8.3.1/../../../../pic32c/lib/thumb/v7-a+simd/hard\libg-musl.a(__printf_core.o)
                0x0000000023f2ad84                __pad
 .text.__dummy_fmt3
                0x0000000023f2ae02        0x4 c:/program files/microchip/xc32/v4.60/bin/bin/../../lib/gcc/pic32c/8.3.1/../../../../pic32c/lib/thumb/v7-a+simd/hard\libg-musl.a(__printf_core.o)
                0x0000000023f2ae02                __fmt_o
                0x0000000023f2ae02                __fmt_u
 .text.__dummy_fmt4
                0x0000000023f2ae06        0x4 c:/program files/microchip/xc32/v4.60/bin/bin/../../lib/gcc/pic32c/8.3.1/../../../../pic32c/lib/thumb/v7-a+simd/hard\libg-musl.a(__printf_core.o)
                0x0000000023f2ae06                __fmt_fp
                0x0000000023f2ae06                __fmt_x
                0x0000000023f2ae06                __fmt_a
 .text.__dummy_fmts
                0x0000000023f2ae0a        0x4 c:/program files/microchip/xc32/v4.60/bin/bin/../../lib/gcc/pic32c/8.3.1/../../../../pic32c/lib/thumb/v7-a+simd/hard\libg-musl.a(__printf_core.o)
                0x0000000023f2ae0a                __fmt_s
 *fill*         0x0000000023f2ae0e        0x2 
 .text.__fmt_state
                0x0000000023f2ae10       0x38 c:/program files/microchip/xc32/v4.60/bin/bin/../../lib/gcc/pic32c/8.3.1/../../../../pic32c/lib/thumb/v7-a+simd/hard\libg-musl.a(__printf_core.o)
                0x0000000023f2ae10                __fmt_state
 .text.__printf_core
                0x0000000023f2ae48      0x308 c:/program files/microchip/xc32/v4.60/bin/bin/../../lib/gcc/pic32c/8.3.1/../../../../pic32c/lib/thumb/v7-a+simd/hard\libg-musl.a(__printf_core.o)
                0x0000000023f2ae48                __printf_core
 .text.__dummy  0x0000000023f2b150        0x4 c:/program files/microchip/xc32/v4.60/bin/bin/../../lib/gcc/pic32c/8.3.1/../../../../pic32c/lib/thumb/v7-a+simd/hard\libg-musl.a(stdin.o)
                0x0000000023f2b150                __stdio_seek_rw
 .text.__init_stdout
                0x0000000023f2b154       0x14 c:/program files/microchip/xc32/v4.60/bin/bin/../../lib/gcc/pic32c/8.3.1/../../../../pic32c/lib/thumb/v7-a+simd/hard\libg-musl.a(stdout.o)
                0x0000000023f2b154                __init_stdout
 .text.puts     0x0000000023f2b168       0x28 c:/program files/microchip/xc32/v4.60/bin/bin/../../lib/gcc/pic32c/8.3.1/../../../../pic32c/lib/thumb/v7-a+simd/hard\libg-musl.a(puts.o)
                0x0000000023f2b168                puts
 .text.setbuf   0x0000000023f2b190       0x10 c:/program files/microchip/xc32/v4.60/bin/bin/../../lib/gcc/pic32c/8.3.1/../../../../pic32c/lib/thumb/v7-a+simd/hard\libg-musl.a(setbuf.o)
                0x0000000023f2b190                setbuf
 .text.atoi     0x0000000023f2b1a0       0x44 c:/program files/microchip/xc32/v4.60/bin/bin/../../lib/gcc/pic32c/8.3.1/../../../../pic32c/lib/thumb/v7-a+simd/hard\libg-musl.a(atoi.o)
                0x0000000023f2b1a0                atoi
 .text.tolower  0x0000000023f2b1e4        0xe c:/program files/microchip/xc32/v4.60/bin/bin/../../lib/gcc/pic32c/8.3.1/../../../../pic32c/lib/thumb/v7-a+simd/hard\libg-musl.a(tolower.o)
                0x0000000023f2b1e4                tolower
 .text.__vfprintf
                0x0000000023f2b1f2       0x1c c:/program files/microchip/xc32/v4.60/bin/bin/../../lib/gcc/pic32c/8.3.1/../../../../pic32c/lib/thumb/v7-a+simd/hard\libg-musl.a(__int_vfprintf.o)
                0x0000000023f2b1f2                __vfprintf
 .text.fputs    0x0000000023f2b20e       0x22 c:/program files/microchip/xc32/v4.60/bin/bin/../../lib/gcc/pic32c/8.3.1/../../../../pic32c/lib/thumb/v7-a+simd/hard\libg-musl.a(fputs.o)
                0x0000000023f2b20e                fputs
                0x0000000023f2b20e                fputs_unlocked
 .text.__cvt_u  0x0000000023f2b230       0x84 c:/program files/microchip/xc32/v4.60/bin/bin/../../lib/gcc/pic32c/8.3.1/../../../../pic32c/lib/thumb/v7-a+simd/hard\libg-musl.a(__cvt_u.o)
                0x0000000023f2b230                __cvt_u
 .text.__pop_float
                0x0000000023f2b2b4       0x2a c:/program files/microchip/xc32/v4.60/bin/bin/../../lib/gcc/pic32c/8.3.1/../../../../pic32c/lib/thumb/v7-a+simd/hard\libg-musl.a(__pop_float.o)
                0x0000000023f2b2b4                __pop_float_needed
                0x0000000023f2b2b4                __pop_float
 .text.__stdio_read
                0x0000000023f2b2de       0x60 c:/program files/microchip/xc32/v4.60/bin/bin/../../lib/gcc/pic32c/8.3.1/../../../../pic32c/lib/thumb/v7-a+simd/hard\libg-musl.a(__stdio_read.o)
                0x0000000023f2b2de                __stdio_read
 .text.__towrite_rw
                0x0000000023f2b33e       0x28 c:/program files/microchip/xc32/v4.60/bin/bin/../../lib/gcc/pic32c/8.3.1/../../../../pic32c/lib/thumb/v7-a+simd/hard\libg-musl.a(__towrite_rw.o)
                0x0000000023f2b33e                __towrite_rw
                0x0000000023f2b33e                __towrite_rw_needed
 .text.fwrite   0x0000000023f2b366       0x2e c:/program files/microchip/xc32/v4.60/bin/bin/../../lib/gcc/pic32c/8.3.1/../../../../pic32c/lib/thumb/v7-a+simd/hard\libg-musl.a(fwrite.o)
                0x0000000023f2b366                fwrite
                0x0000000023f2b366                fwrite_unlocked
 .text.__putc_unbuffered
                0x0000000023f2b394       0x38 c:/program files/microchip/xc32/v4.60/bin/bin/../../lib/gcc/pic32c/8.3.1/../../../../pic32c/lib/thumb/v7-a+simd/hard\libg-musl.a(putc.o)
                0x0000000023f2b394                __putc_unbuffered
 .text.putc     0x0000000023f2b3cc        0x8 c:/program files/microchip/xc32/v4.60/bin/bin/../../lib/gcc/pic32c/8.3.1/../../../../pic32c/lib/thumb/v7-a+simd/hard\libg-musl.a(putc.o)
                0x0000000023f2b3cc                putc
                0x0000000023f2b3cc                fputc
                0x0000000023f2b3cc                _IO_putc
                0x0000000023f2b3cc                putc_unlocked
 .text.setvbuf  0x0000000023f2b3d4       0x4c c:/program files/microchip/xc32/v4.60/bin/bin/../../lib/gcc/pic32c/8.3.1/../../../../pic32c/lib/thumb/v7-a+simd/hard\libg-musl.a(setvbuf.o)
                0x0000000023f2b3d4                setvbuf
 .text.__readv  0x0000000023f2b420       0x2a c:/program files/microchip/xc32/v4.60/bin/bin/../../lib/gcc/pic32c/8.3.1/../../../../pic32c/lib/thumb/v7-a+simd/hard\libg-musl.a(readv.o)
                0x0000000023f2b420                readv
 .text.__dummy  0x0000000023f2b44a        0x2 c:/program files/microchip/xc32/v4.60/bin/bin/../../lib/gcc/pic32c/8.3.1/../../../../pic32c/lib/thumb/v7-a+simd/hard\libg-musl.a(__init_stdio.o)
                0x0000000023f2b44a                __init_stdin
                0x0000000023f2b44a                __init_stderr
 .text.__init_stdio
                0x0000000023f2b44c       0x10 c:/program files/microchip/xc32/v4.60/bin/bin/../../lib/gcc/pic32c/8.3.1/../../../../pic32c/lib/thumb/v7-a+simd/hard\libg-musl.a(__init_stdio.o)
                0x0000000023f2b44c                __init_stdio_needed
                0x0000000023f2b44c                __init_stdio
 .text.__fwrite_min
                0x0000000023f2b45c        0x6 c:/program files/microchip/xc32/v4.60/bin/bin/../../lib/gcc/pic32c/8.3.1/../../../../pic32c/lib/thumb/v7-a+simd/hard\libg-musl.a(__out.o)
                0x0000000023f2b45c                __stdio_write_unbuffered
                0x0000000023f2b45c                __stdio_write
 .text.__out    0x0000000023f2b462       0x3c c:/program files/microchip/xc32/v4.60/bin/bin/../../lib/gcc/pic32c/8.3.1/../../../../pic32c/lib/thumb/v7-a+simd/hard\libg-musl.a(__out.o)
                0x0000000023f2b462                __out
                0x0000000023f2b462                __out_needed
 .text.__putc   0x0000000023f2b49e       0x3e c:/program files/microchip/xc32/v4.60/bin/bin/../../lib/gcc/pic32c/8.3.1/../../../../pic32c/lib/thumb/v7-a+simd/hard\libg-musl.a(__putc.o)
                0x0000000023f2b49e                __putc_needed
                0x0000000023f2b49e                __putc
 .text.__dummy  0x0000000023f2b4dc        0x2 c:/program files/microchip/xc32/v4.60/bin/bin/../../lib/gcc/pic32c/8.3.1/../../../../pic32c/lib/thumb/v7-a+simd/hard\libg-musl.a(__stderr.o)
                0x0000000023f2b4dc                __stdio_seek
 .text.__stdio_close_rw
                0x0000000023f2b4de       0x5c c:/program files/microchip/xc32/v4.60/bin/bin/../../lib/gcc/pic32c/8.3.1/../../../../pic32c/lib/thumb/v7-a+simd/hard\libg-musl.a(__stdio_close.o)
                0x0000000023f2b4de                __stdio_close_rw
 .text.__write_buffered
                0x0000000023f2b53a       0x84 c:/program files/microchip/xc32/v4.60/bin/bin/../../lib/gcc/pic32c/8.3.1/../../../../pic32c/lib/thumb/v7-a+simd/hard\libg-musl.a(__stdio_write.o)
                0x0000000023f2b53a                __do_write
 .text.__stdio_write_buffered
                0x0000000023f2b5be       0x76 c:/program files/microchip/xc32/v4.60/bin/bin/../../lib/gcc/pic32c/8.3.1/../../../../pic32c/lib/thumb/v7-a+simd/hard\libg-musl.a(__stdio_write.o)
                0x0000000023f2b5be                __stdio_write_buffered
 .text.__get_stdout
                0x0000000023f2b634        0x8 c:/program files/microchip/xc32/v4.60/bin/bin/../../lib/gcc/pic32c/8.3.1/../../../../pic32c/lib/thumb/v7-a+simd/hard\libg-musl.a(__stdout.o)
                0x0000000023f2b634                __get_stdout
                0x0000000023f2b634                __init_stdout_needed
 .text.__towrite
                0x0000000023f2b63c       0x18 c:/program files/microchip/xc32/v4.60/bin/bin/../../lib/gcc/pic32c/8.3.1/../../../../pic32c/lib/thumb/v7-a+simd/hard\libg-musl.a(__towrite.o)
                0x0000000023f2b63c                __towrite
 .text.__writev
                0x0000000023f2b654       0x2a c:/program files/microchip/xc32/v4.60/bin/bin/../../lib/gcc/pic32c/8.3.1/../../../../pic32c/lib/thumb/v7-a+simd/hard\libg-musl.a(writev.o)
                0x0000000023f2b654                writev
 .text.__overflow
                0x0000000023f2b67e       0x4e c:/program files/microchip/xc32/v4.60/bin/bin/../../lib/gcc/pic32c/8.3.1/../../../../pic32c/lib/thumb/v7-a+simd/hard\libg-musl.a(__overflow.o)
                0x0000000023f2b67e                __overflow
 .text.__fwrite
                0x0000000023f2b6cc       0x18 c:/program files/microchip/xc32/v4.60/bin/bin/../../lib/gcc/pic32c/8.3.1/../../../../pic32c/lib/thumb/v7-a+simd/hard\libg-musl.a(__fwrite.o)
                0x0000000023f2b6cc                __fwrite
                0x0000000023f2b6cc                __fwrite_needed
 .text.close    0x0000000023f2b6e4        0x6 c:/program files/microchip/xc32/v4.60/bin/bin/../../lib/gcc/pic32c/8.3.1/../../../../pic32c/lib/thumb/v7-a+simd/hard\libpic32c.a(close.o)
                0x0000000023f2b6e4                close
 .text.lseek    0x0000000023f2b6ea        0x4 c:/program files/microchip/xc32/v4.60/bin/bin/../../lib/gcc/pic32c/8.3.1/../../../../pic32c/lib/thumb/v7-a+simd/hard\libpic32c.a(lseek.o)
                0x0000000023f2b6ea                lseek
 *fill*         0x0000000023f2b6ee        0x2 
 .text._sbrk_init
                0x0000000023f2b6f0       0x30 c:/program files/microchip/xc32/v4.60/bin/bin/../../lib/gcc/pic32c/8.3.1/../../../../pic32c/lib/thumb/v7-a+simd/hard\libpic32c.a(sbrk.o)
 .text._get_heap_left_space
                0x0000000023f2b720       0x20 c:/program files/microchip/xc32/v4.60/bin/bin/../../lib/gcc/pic32c/8.3.1/../../../../pic32c/lib/thumb/v7-a+simd/hard\libpic32c.a(sbrk.o)
                0x0000000023f2b720                _get_heap_left_space
 .text._sbrk    0x0000000023f2b740       0x4c c:/program files/microchip/xc32/v4.60/bin/bin/../../lib/gcc/pic32c/8.3.1/../../../../pic32c/lib/thumb/v7-a+simd/hard\libpic32c.a(sbrk.o)
                0x0000000023f2b740                _sbrk
 *(.rodata .rodata* .gnu.linkonce.r.*)
 .rodata        0x0000000023f2b78c       0x1c build/default/debug/_ext/1171490990/initialization.o
 .rodata.sysfsMountTable
                0x0000000023f2b7a8        0xc build/default/debug/_ext/1171490990/initialization.o
                0x0000000023f2b7a8                sysfsMountTable
 .rodata.FatFsFunctions
                0x0000000023f2b7b4       0x88 build/default/debug/_ext/1171490990/initialization.o
 .rodata.sysFSInit
                0x0000000023f2b83c        0x8 build/default/debug/_ext/1171490990/initialization.o
 .rodata.sysTimePlibAPI
                0x0000000023f2b844       0x1c build/default/debug/_ext/1171490990/initialization.o
 .rodata.sysTimeInitData
                0x0000000023f2b860        0x8 build/default/debug/_ext/1171490990/initialization.o
 .rodata        0x0000000023f2b868      0x18c build/default/debug/_ext/1360937237/app.o
 .rodata.GUID_MS_Basic
                0x0000000023f2b9f4       0x10 build/default/debug/_ext/411819097/ff.o
 .rodata.LfnOfs
                0x0000000023f2ba04       0x10 build/default/debug/_ext/411819097/ff.o
 .rodata.ExCvt  0x0000000023f2ba14       0x80 build/default/debug/_ext/411819097/ff.o
 .rodata        0x0000000023f2ba94       0x7c build/default/debug/_ext/411819097/ff.o
 .rodata.badchr.9500
                0x0000000023f2bb10       0x14 build/default/debug/_ext/411819097/ff.o
 .rodata.gpt_mbr.9540
                0x0000000023f2bb24       0x10 build/default/debug/_ext/411819097/ff.o
 .rodata.defopt.9566
                0x0000000023f2bb34       0x10 build/default/debug/_ext/411819097/ff.o
 .rodata.cst32.9565
                0x0000000023f2bb44       0x10 build/default/debug/_ext/411819097/ff.o
 .rodata.cst.9564
                0x0000000023f2bb54       0x10 build/default/debug/_ext/411819097/ff.o
 .rodata        0x0000000023f2bb64       0x90 build/default/debug/_ext/1360937237/main.o
 .rodata.USBTPList